Component: Arm Compiler for Embedded 6.19 Tool: armlink [5e73cb00]

==============================================================================

Section Cross References

    startup_stm32f407xx.o(STACK) refers (Special) to heapauxi.o(.text) for __use_two_region_memory
    startup_stm32f407xx.o(HEAP) refers (Special) to heapauxi.o(.text) for __use_two_region_memory
    startup_stm32f407xx.o(RESET) refers (Special) to heapauxi.o(.text) for __use_two_region_memory
    startup_stm32f407xx.o(RESET) refers to startup_stm32f407xx.o(STACK) for __initial_sp
    startup_stm32f407xx.o(RESET) refers to startup_stm32f407xx.o(.text) for Reset_Handler
    startup_stm32f407xx.o(RESET) refers to stm32f4xx_it.o(.text.NMI_Handler) for NMI_Handler
    startup_stm32f407xx.o(RESET) refers to stm32f4xx_it.o(.text.HardFault_Handler) for HardFault_Handler
    startup_stm32f407xx.o(RESET) refers to stm32f4xx_it.o(.text.MemManage_Handler) for MemManage_Handler
    startup_stm32f407xx.o(RESET) refers to stm32f4xx_it.o(.text.BusFault_Handler) for BusFault_Handler
    startup_stm32f407xx.o(RESET) refers to stm32f4xx_it.o(.text.UsageFault_Handler) for UsageFault_Handler
    startup_stm32f407xx.o(RESET) refers to stm32f4xx_it.o(.text.SVC_Handler) for SVC_Handler
    startup_stm32f407xx.o(RESET) refers to stm32f4xx_it.o(.text.DebugMon_Handler) for DebugMon_Handler
    startup_stm32f407xx.o(RESET) refers to stm32f4xx_it.o(.text.PendSV_Handler) for PendSV_Handler
    startup_stm32f407xx.o(RESET) refers to stm32f4xx_it.o(.text.SysTick_Handler) for SysTick_Handler
    startup_stm32f407xx.o(.text) refers (Special) to heapauxi.o(.text) for __use_two_region_memory
    startup_stm32f407xx.o(.text) refers to system_stm32f4xx.o(.text.SystemInit) for SystemInit
    startup_stm32f407xx.o(.text) refers to __main.o(!!!main) for __main
    startup_stm32f407xx.o(.text) refers to startup_stm32f407xx.o(HEAP) for Heap_Mem
    startup_stm32f407xx.o(.text) refers to startup_stm32f407xx.o(STACK) for Stack_Mem
    i2c-lcd.o(.text.lcd_send_cmd) refers to i2c.o(.bss.hi2c1) for hi2c1
    i2c-lcd.o(.text.lcd_send_cmd) refers to stm32f4xx_hal_i2c.o(.text.HAL_I2C_Master_Transmit) for HAL_I2C_Master_Transmit
    i2c-lcd.o(.ARM.exidx.text.lcd_send_cmd) refers to i2c-lcd.o(.text.lcd_send_cmd) for [Anonymous Symbol]
    i2c-lcd.o(.text.lcd_send_data) refers to i2c.o(.bss.hi2c1) for hi2c1
    i2c-lcd.o(.text.lcd_send_data) refers to stm32f4xx_hal_i2c.o(.text.HAL_I2C_Master_Transmit) for HAL_I2C_Master_Transmit
    i2c-lcd.o(.ARM.exidx.text.lcd_send_data) refers to i2c-lcd.o(.text.lcd_send_data) for [Anonymous Symbol]
    i2c-lcd.o(.text.lcd_clear) refers to i2c.o(.bss.hi2c1) for hi2c1
    i2c-lcd.o(.text.lcd_clear) refers to stm32f4xx_hal_i2c.o(.text.HAL_I2C_Master_Transmit) for HAL_I2C_Master_Transmit
    i2c-lcd.o(.ARM.exidx.text.lcd_clear) refers to i2c-lcd.o(.text.lcd_clear) for [Anonymous Symbol]
    i2c-lcd.o(.text.lcd_put_cur) refers to i2c.o(.bss.hi2c1) for hi2c1
    i2c-lcd.o(.text.lcd_put_cur) refers to stm32f4xx_hal_i2c.o(.text.HAL_I2C_Master_Transmit) for HAL_I2C_Master_Transmit
    i2c-lcd.o(.ARM.exidx.text.lcd_put_cur) refers to i2c-lcd.o(.text.lcd_put_cur) for [Anonymous Symbol]
    i2c-lcd.o(.text.lcd_init) refers to stm32f4xx_hal.o(.text.HAL_Delay) for HAL_Delay
    i2c-lcd.o(.text.lcd_init) refers to i2c.o(.bss.hi2c1) for hi2c1
    i2c-lcd.o(.text.lcd_init) refers to stm32f4xx_hal_i2c.o(.text.HAL_I2C_Master_Transmit) for HAL_I2C_Master_Transmit
    i2c-lcd.o(.ARM.exidx.text.lcd_init) refers to i2c-lcd.o(.text.lcd_init) for [Anonymous Symbol]
    i2c-lcd.o(.text.lcd_send_string) refers to i2c.o(.bss.hi2c1) for hi2c1
    i2c-lcd.o(.text.lcd_send_string) refers to stm32f4xx_hal_i2c.o(.text.HAL_I2C_Master_Transmit) for HAL_I2C_Master_Transmit
    i2c-lcd.o(.ARM.exidx.text.lcd_send_string) refers to i2c-lcd.o(.text.lcd_send_string) for [Anonymous Symbol]
    i2c-lcd.o(.text.lcd_sent_number_xxxx) refers to i2c.o(.bss.hi2c1) for hi2c1
    i2c-lcd.o(.text.lcd_sent_number_xxxx) refers to stm32f4xx_hal_i2c.o(.text.HAL_I2C_Master_Transmit) for HAL_I2C_Master_Transmit
    i2c-lcd.o(.ARM.exidx.text.lcd_sent_number_xxxx) refers to i2c-lcd.o(.text.lcd_sent_number_xxxx) for [Anonymous Symbol]
    i2c-lcd.o(.text.lcd_sent_number_xxxx_no_zero) refers to i2c.o(.bss.hi2c1) for hi2c1
    i2c-lcd.o(.text.lcd_sent_number_xxxx_no_zero) refers to stm32f4xx_hal_i2c.o(.text.HAL_I2C_Master_Transmit) for HAL_I2C_Master_Transmit
    i2c-lcd.o(.ARM.exidx.text.lcd_sent_number_xxxx_no_zero) refers to i2c-lcd.o(.text.lcd_sent_number_xxxx_no_zero) for [Anonymous Symbol]
    main.o(.text) refers (Special) to _printf_percent.o(.ARM.Collect$$_printf_percent$$00000000) for _printf_percent
    main.o(.text) refers (Special) to _printf_pad.o(.text) for _printf_pre_padding
    main.o(.text) refers (Special) to _printf_truncate.o(.text) for _printf_truncate_unsigned
    main.o(.text) refers (Special) to _printf_c.o(.ARM.Collect$$_printf_percent$$00000013) for _printf_c
[...]
    .text                                    0x0800043e   Section        0  _printf_truncate.o(.text)
    .text                                    0x08000462   Section        0  _printf_str.o(.text)
    .text                                    0x080004b4   Section        0  _printf_dec.o(.text)
    .text                                    0x0800052c   Section        0  _printf_wctomb.o(.text)
    .text                                    0x080005e8   Section        0  _printf_oct_int.o(.text)
    .text                                    0x0800063c   Section        0  _printf_hex_int.o(.text)
    .text                                    0x08000694   Section        0  __printf_flags_ss_wp.o(.text)
    .text                                    0x0800081c   Section        0  puts.o(.text)
    .text                                    0x08000848   Section      124  strcmpv7em.o(.text)
    .text                                    0x080008c4   Section        0  heapauxi.o(.text)
    .text                                    0x080008ca   Section        0  _printf_intcommon.o(.text)
    _printf_input_char                       0x0800097d   Thumb Code    10  _printf_char_common.o(.text)
    .text                                    0x0800097c   Section        0  _printf_char_common.o(.text)
    .text                                    0x080009ac   Section        0  _sputc.o(.text)
    .text                                    0x080009b6   Section        0  _printf_char.o(.text)
    .text                                    0x080009e4   Section        0  _printf_char_file.o(.text)
    .text                                    0x08000a08   Section        0  _printf_wchar.o(.text)
    .text                                    0x08000a34   Section        0  _c16rtomb.o(.text)
    .text                                    0x08000a7c   Section       16  rt_ctype_table.o(.text)
    .text                                    0x08000a8c   Section        0  ferror.o(.text)
    .text                                    0x08000a94   Section        0  initio.o(.text)
    .text                                    0x08000bcc   Section       74  sys_stackheap_outer.o(.text)
    .text                                    0x08000c18   Section        8  rt_locale_intlibspace.o(.text)
    .text                                    0x08000c20   Section        0  h1_free.o(.text)
    .text                                    0x08000c6e   Section        0  setvbuf.o(.text)
    _freopen_locked                          0x08000cb5   Thumb Code     0  fopen.o(.text)
    .text                                    0x08000cb4   Section        0  fopen.o(.text)
    .text                                    0x08000da4   Section        0  fclose.o(.text)
    .text                                    0x08000df0   Section        0  exit.o(.text)
    .text                                    0x08000e02   Section        0  defsig_rtred_outer.o(.text)
    .text                                    0x08000e10   Section       78  rt_memclr_w.o(.text)
    .text                                    0x08000e60   Section        8  libspace.o(.text)
    .text                                    0x08000e68   Section        8  rt_heap_descriptor_intlibspace.o(.text)
    .text                                    0x08000e70   Section        0  hguard.o(.text)
    .text                                    0x08000e74   Section        0  init_alloc.o(.text)
    .text                                    0x08000efe   Section        0  h1_alloc.o(.text)
    .text                                    0x08000f5c   Section        0  fseek.o(.text)
    .text                                    0x08001054   Section        0  stdio.o(.text)
    .text                                    0x0800115c   Section        0  defsig_exit.o(.text)
    .text                                    0x08001168   Section        0  defsig_rtred_inner.o(.text)
    .text                                    0x0800119c   Section        0  sys_exit.o(.text)
    .text                                    0x080011a8   Section        0  maybetermalloc1.o(.text)
    .text                                    0x080011a8   Section        0  h1_init.o(.text)
    .text                                    0x080011b6   Section        0  h1_extend.o(.text)
    .text                                    0x080011ea   Section        0  ftell.o(.text)
    .text                                    0x0800122c   Section        0  defsig_general.o(.text)
    .text                                    0x0800125e   Section        0  defsig_rtmem_outer.o(.text)
    .text                                    0x0800126c   Section        0  sys_wrch.o(.text)
    .text                                    0x0800127a   Section        2  use_no_semi.o(.text)
    .text                                    0x0800127c   Section        0  indicate_semi.o(.text)
    .text                                    0x0800127c   Section        8  rt_errno_addr_intlibspace.o(.text)
    .text                                    0x08001284   Section        0  defsig_rtmem_inner.o(.text)
    [Anonymous Symbol]                       0x080012d4   Section        0  stm32f4xx_it.o(.text.BusFault_Handler)
    [Anonymous Symbol]                       0x080012d8   Section        0  stm32f4xx_it.o(.text.DebugMon_Handler)
    [Anonymous Symbol]                       0x080012dc   Section        0  main.o(.text.Error_Handler)
    [Anonymous Symbol]                       0x080012e8   Section        0  stm32f4xx_hal_adc_ex.o(.text.HAL_ADCEx_InjectedConfigChannel)
    [Anonymous Symbol]                       0x08001450   Section        0  stm32f4xx_hal_adc.o(.text.HAL_ADC_ConfigChannel)
    [Anonymous Symbol]                       0x08001598   Section        0  stm32f4xx_hal_adc.o(.text.HAL_ADC_Init)
    [Anonymous Symbol]                       0x080016f8   Section        0  adc.o(.text.HAL_ADC_MspInit)
    [Anonymous Symbol]                       0x08001730   Section        0  stm32f4xx_hal.o(.text.HAL_Delay)
    [Anonymous Symbol]                       0x08001758   Section        0  stm32f4xx_hal_gpio.o(.text.HAL_GPIO_Init)
    [Anonymous Symbol]                       0x08001900   Section        0  stm32f4xx_hal_gpio.o(.text.HAL_GPIO_ReadPin)
    [Anonymous Symbol]                       0x0800190c   Section        0  stm32f4xx_hal_gpio.o(.text.HAL_GPIO_WritePin)
    [Anonymous Symbol]                       0x08001918   Section        0  stm32f4xx_hal.o(.text.HAL_GetTick)
    [Anonymous Symbol]                       0x08001924   Section        0  stm32f4xx_hal_i2c.o(.text.HAL_I2C_Init)
    [Anonymous Symbol]                       0x08001a9c   Section        0  stm32f4xx_hal_i2c.o(.text.HAL_I2C_IsDeviceReady)
    [Anonymous Symbol]                       0x08001cc4   Section        0  stm32f4xx_hal_i2c.o(.text.HAL_I2C_Master_Transmit)
    [Anonymous Symbol]                       0x0800213c   Section        0  stm32f4xx_hal_i2c.o(.text.HAL_I2C_Mem_Read)
    [Anonymous Symbol]                       0x080024ac   Section        0  i2c.o(.text.HAL_I2C_MspInit)
    [Anonymous Symbol]                       0x08002584   Section        0  stm32f4xx_hal.o(.text.HAL_IncTick)
    [Anonymous Symbol]                       0x080025a0   Section        0  stm32f4xx_hal.o(.text.HAL_Init)
    [Anonymous Symbol]                       0x080025d8   Section        0  stm32f4xx_hal.o(.text.HAL_InitTick)
    [Anonymous Symbol]                       0x08002620   Section        0  stm32f4xx_hal_msp.o(.text.HAL_MspInit)
    [Anonymous Symbol]                       0x08002658   Section        0  stm32f4xx_hal_cortex.o(.text.HAL_NVIC_SetPriority)
    [Anonymous Symbol]                       0x080026b0   Section        0  stm32f4xx_hal_cortex.o(.text.HAL_NVIC_SetPriorityGrouping)
    [Anonymous Symbol]                       0x080026d0   Section        0  stm32f4xx_hal_rcc.o(.text.HAL_RCC_ClockConfig)
    [Anonymous Symbol]                       0x08002830   Section        0  stm32f4xx_hal_rcc.o(.text.HAL_RCC_GetPCLK1Freq)
    [Anonymous Symbol]                       0x08002858   Section        0  stm32f4xx_hal_rcc.o(.text.HAL_RCC_GetPCLK2Freq)
    [Anonymous Symbol]                       0x08002880   Section        0  stm32f4xx_hal_rcc.o(.text.HAL_RCC_GetSysClockFreq)
    [Anonymous Symbol]                       0x080028ec   Section        0  stm32f4xx_hal_rcc.o(.text.HAL_RCC_OscConfig)
    [Anonymous Symbol]                       0x08002c60   Section        0  stm32f4xx_hal_cortex.o(.text.HAL_SYSTICK_Config)
    [Anonymous Symbol]                       0x08002c8c   Section        0  stm32f4xx_hal_uart.o(.text.HAL_UART_Init)
    [Anonymous Symbol]                       0x08002cec   Section        0  usart.o(.text.HAL_UART_MspInit)
    [Anonymous Symbol]                       0x08002d58   Section        0  stm32f4xx_hal_uart.o(.text.HAL_UART_Transmit)
    [Anonymous Symbol]                       0x08002fe0   Section        0  stm32f4xx_it.o(.text.HardFault_Handler)
    I2C_RequestMemoryRead                    0x08002fe5   Thumb Code   798  stm32f4xx_hal_i2c.o(.text.I2C_RequestMemoryRead)
    [Anonymous Symbol]                       0x08002fe4   Section        0  stm32f4xx_hal_i2c.o(.text.I2C_RequestMemoryRead)
    I2C_WaitOnFlagUntilTimeout               0x08003305   Thumb Code   336  stm32f4xx_hal_i2c.o(.text.I2C_WaitOnFlagUntilTimeout)
    [Anonymous Symbol]                       0x08003304   Section        0  stm32f4xx_hal_i2c.o(.text.I2C_WaitOnFlagUntilTimeout)
    I2C_WaitOnMasterAddressFlagUntilTimeout  0x08003455   Thumb Code   184  stm32f4xx_hal_i2c.o(.text.I2C_WaitOnMasterAddressFlagUntilTimeout)
    [Anonymous Symbol]                       0x08003454   Section        0  stm32f4xx_hal_i2c.o(.text.I2C_WaitOnMasterAddressFlagUntilTimeout)
    [Anonymous Symbol]                       0x0800350c   Section        0  adc.o(.text.MX_ADC1_Init)
    [Anonymous Symbol]                       0x080035fc   Section        0  gpio.o(.text.MX_GPIO_Init)
    [Anonymous Symbol]                       0x08003714   Section        0  i2c.o(.text.MX_I2C1_Init)
    [Anonymous Symbol]                       0x08003758   Section        0  i2c.o(.text.MX_I2C2_Init)
    [Anonymous Symbol]                       0x0800379c   Section        0  usart.o(.text.MX_USART2_UART_Init)
    [Anonymous Symbol]                       0x080037d8   Section        0  stm32f4xx_it.o(.text.MemManage_Handler)
    [Anonymous Symbol]                       0x080037dc   Section        0  stm32f4xx_it.o(.text.NMI_Handler)
    [Anonymous Symbol]                       0x080037e0   Section        0  stm32f4xx_it.o(.text.PendSV_Handler)
    [Anonymous Symbol]                       0x080037e4   Section        0  stm32f4xx_it.o(.text.SVC_Handler)
    [Anonymous Symbol]                       0x080037e8   Section        0  stm32f4xx_it.o(.text.SysTick_Handler)
    [Anonymous Symbol]                       0x080037ec   Section        0  main.o(.text.SystemClock_Config)
    [Anonymous Symbol]                       0x0800389c   Section        0  system_stm32f4xx.o(.text.SystemInit)
    UART_SetConfig                           0x080038b1   Thumb Code   238  stm32f4xx_hal_uart.o(.text.UART_SetConfig)
    [Anonymous Symbol]                       0x080038b0   Section        0  stm32f4xx_hal_uart.o(.text.UART_SetConfig)
    [Anonymous Symbol]                       0x080039a0   Section        0  stm32f4xx_it.o(.text.UsageFault_Handler)
    [Anonymous Symbol]                       0x080039a4   Section        0  retarget_io.o(.text._sys_close)
    [Anonymous Symbol]                       0x080039b8   Section        0  retarget_io.o(.text._sys_flen)
    [Anonymous Symbol]                       0x080039bc   Section        0  retarget_io.o(.text._sys_istty)
    [Anonymous Symbol]                       0x080039cc   Section        0  retarget_io.o(.text._sys_open)
    [Anonymous Symbol]                       0x08003a30   Section        0  retarget_io.o(.text._sys_seek)
    [Anonymous Symbol]                       0x08003a38   Section        0  retarget_io.o(.text._sys_write)
    [Anonymous Symbol]                       0x08003dc4   Section        0  main.o(.text.display_4led)
    [Anonymous Symbol]                       0x08003ef4   Section        0  main.o(.text.fn_Mode_4LED)
    [Anonymous Symbol]                       0x080041d8   Section        0  main.o(.text.fn_Mode_maytinh)
    [Anonymous Symbol]                       0x080047b0   Section        0  main.o(.text.fputc)
    [Anonymous Symbol]                       0x080047d0   Section        0  i2c-lcd.o(.text.lcd_clear)
    [Anonymous Symbol]                       0x08004824   Section        0  i2c-lcd.o(.text.lcd_init)
    [Anonymous Symbol]                       0x08004984   Section        0  i2c-lcd.o(.text.lcd_put_cur)
    [Anonymous Symbol]                       0x08004a00   Section        0  i2c-lcd.o(.text.lcd_send_data)
    [Anonymous Symbol]                       0x08004a44   Section        0  i2c-lcd.o(.text.lcd_send_string)
    [Anonymous Symbol]                       0x08004a9c   Section        0  main.o(.text.main)
    [Anonymous Symbol]                       0x08004c3c   Section        0  main.o(.text.scan_key)
    [Anonymous Symbol]                       0x08004e58   Section        0  main.o(.text.shiftout)
    i._is_digit                              0x08004f66   Section        0  __printf_wp.o(i._is_digit)
    locale$$code                             0x08004f74   Section       44  lc_ctype_c.o(locale$$code)
    $v0                                      0x08004fa0   Number         0  fpinit.o(x$fpl$fpinit)
    x$fpl$fpinit                             0x08004fa0   Section       26  fpinit.o(x$fpl$fpinit)
    initial_mbstate                          0x08004fbc   Data           8  _printf_wctomb.o(.constdata)
    .constdata                               0x08004fbc   Section        8  _printf_wctomb.o(.constdata)
    uc_hextab                                0x08004fc4   Data          20  _printf_hex_int.o(.constdata)
    .constdata                               0x08004fc4   Section       40  _printf_hex_int.o(.constdata)
    lc_hextab                                0x08004fd8   Data          20  _printf_hex_int.o(.constdata)
    maptable                                 0x08004fec   Data          17  __printf_flags_ss_wp.o(.constdata)
    .constdata                               0x08004fec   Section       17  __printf_flags_ss_wp.o(.constdata)
    .L__const.display_4led.MA7DOAN           0x08004ffd   Data          17  main.o(.rodata..L__const.display_4led.MA7DOAN)
    .L.str                                   0x0800503d   Data          24  main.o(.rodata.str1.1)
    [Anonymous Symbol]                       0x0800503d   Section        0  main.o(.rodata.str1.1)
    .L.str.1                                 0x08005055   Data          28  main.o(.rodata.str1.1)
    .L.str.2                                 0x08005071   Data          26  main.o(.rodata.str1.1)
    .L.str.16                                0x0800508b   Data          29  main.o(.rodata.str1.1)
    .L.str.3                                 0x0800508b   Data          16  main.o(.rodata.str1.1)
    .L.str.15                                0x080050a8   Data          27  main.o(.rodata.str1.1)
    .L.str.19                                0x080050c3   Data          18  main.o(.rodata.str1.1)
    .L.str.6                                 0x08005123   Data           4  main.o(.rodata.str1.1)
    .L.str.30                                0x08005127   Data          12  main.o(.rodata.str1.1)
    .L.str.4                                 0x08005133   Data          15  main.o(.rodata.str1.1)
    locale$$data                             0x08005164   Section      272  lc_ctype_c.o(locale$$data)
    __lcctype_c_name                         0x08005168   Data           2  lc_ctype_c.o(locale$$data)
    __lcctype_c_start                        0x08005170   Data           0  lc_ctype_c.o(locale$$data)
    __lcctype_c_end                          0x08005274   Data           0  lc_ctype_c.o(locale$$data)
    .data                                    0x20000000   Section        4  stdio_streams.o(.data)
    .data                                    0x20000004   Section        4  stdio_streams.o(.data)
    .data                                    0x20000008   Section        4  stdio_streams.o(.data)
    .L_MergedGlobals                         0x2000000c   Data           8  stm32f4xx_hal.o(.data..L_MergedGlobals)
    [Anonymous Symbol]                       0x2000000c   Section        0  stm32f4xx_hal.o(.data..L_MergedGlobals)
    .bss                                     0x20000018   Section       84  stdio_streams.o(.bss)
    .bss                                     0x2000006c   Section       84  stdio_streams.o(.bss)
    .bss                                     0x200000c0   Section       84  stdio_streams.o(.bss)
    .bss                                     0x20000114   Section       96  libspace.o(.bss)
    .L_MergedGlobals                         0x20000174   Data         108  main.o(.bss..L_MergedGlobals)
    [Anonymous Symbol]                       0x20000174   Section        0  main.o(.bss..L_MergedGlobals)
    Heap_Mem                                 0x20000328   Data         512  startup_stm32f407xx.o(HEAP)
    HEAP                                     0x20000328   Section      512  startup_stm32f407xx.o(HEAP)
    Stack_Mem                                0x20000528   Data        1024  startup_stm32f407xx.o(STACK)
    STACK                                    0x20000528   Section     1024  startup_stm32f407xx.o(STACK)
    __initial_sp                             0x20000928   Data           0  startup_stm32f407xx.o(STACK)

    Global Symbols

    Symbol Name                              Value     Ov Type        Size  Object(Section)

    BuildAttributes$$THM_ISAv4$E$P$D$K$B$S$7EM$VFPi3$EXTD16$VFPS$VFMA$PE$A:L22UL41UL21$X:L11$S22US41US21$IEEE1$IW$~IW$USESV6$~STKCKD$USESV7$~SHL$OTIME$ROPI$EBA8$UX$STANDARDLIB$REQ8$PRES8$EABIv2 0x00000000   Number         0  anon$$obj.o ABSOLUTE
    _printf_flags                            0x00000000   Number         0  printf_stubs.o ABSOLUTE
    _printf_return_value                     0x00000000   Number         0  printf_stubs.o ABSOLUTE
    _printf_sizespec                         0x00000000   Number         0  printf_stubs.o ABSOLUTE
    _printf_widthprec                        0x00000000   Number         0  printf_stubs.o ABSOLUTE
    __ARM_exceptions_init                     - Undefined Weak Reference
    __alloca_initialize                       - Undefined Weak Reference
    __arm_preinit_                            - Undefined Weak Reference
    __arm_relocate_pie_                       - Undefined Weak Reference
    __cpp_initialize__aeabi_                  - Undefined Weak Reference
    __cxa_finalize                            - Undefined Weak Reference
    __sigvec_lookup                           - Undefined Weak Reference
    __user_heap_extent                        - Undefined Weak Reference
    _atexit_init                              - Undefined Weak Reference
    _call_atexit_fns                          - Undefined Weak Reference
    _clock_init                               - Undefined Weak Reference
    _fp_trap_init                             - Undefined Weak Reference
    _fp_trap_shutdown                         - Undefined Weak Reference
    _get_lc_collate                           - Undefined Weak Reference
    _get_lc_monetary                          - Undefined Weak Reference
    _get_lc_numeric                           - Undefined Weak Reference
    _get_lc_time                              - Undefined Weak Reference
    _getenv_init                              - Undefined Weak Reference
    _handle_redirection                       - Undefined Weak Reference
    _mutex_acquire                            - Undefined Weak Reference
    _mutex_free                               - Undefined Weak Reference
    _mutex_release                            - Undefined Weak Reference
    _printf_mbtowc                            - Undefined Weak Reference
    _printf_wc                                - Undefined Weak Reference
    _rand_init                                - Undefined Weak Reference
    _signal_finish                            - Undefined Weak Reference
    _signal_init                              - Undefined Weak Reference
    __Vectors_Size                           0x00000188   Number         0  startup_stm32f407xx.o ABSOLUTE
    __Vectors                                0x08000000   Data           4  startup_stm32f407xx.o(RESET)
    __Vectors_End                            0x08000188   Data           0  startup_stm32f407xx.o(RESET)
    __main                                   0x08000189   Thumb Code     8  __main.o(!!!main)
    __scatterload                            0x08000191   Thumb Code     0  __scatter.o(!!!scatter)
    __scatterload_rt2                        0x08000191   Thumb Code    44  __scatter.o(!!!scatter)
    __scatterload_rt2_thumb_only             0x08000191   Thumb Code     0  __scatter.o(!!!scatter)
    __scatterload_null                       0x0800019f   Thumb Code     0  __scatter.o(!!!scatter)
    __scatterload_copy                       0x080001c5   Thumb Code    26  __scatter_copy.o(!!handler_copy)
    __scatterload_zeroinit                   0x080001e1   Thumb Code    28  __scatter_zi.o(!!handler_zi)
    _printf_i                                0x080001fd   Thumb Code     0  _printf_i.o(.ARM.Collect$$_printf_percent$$00000008)
    _printf_percent                          0x080001fd   Thumb Code     0  _printf_percent.o(.ARM.Collect$$_printf_percent$$00000000)
    _printf_d                                0x08000203   Thumb Code     0  _printf_d.o(.ARM.Collect$$_printf_percent$$00000009)
    _printf_u                                0x08000209   Thumb Code     0  _printf_u.o(.ARM.Collect$$_printf_percent$$0000000A)
    _printf_o                                0x0800020f   Thumb Code     0  _printf_o.o(.ARM.Collect$$_printf_percent$$0000000B)
    _printf_x                                0x08000215   Thumb Code     0  _printf_x.o(.ARM.Collect$$_printf_percent$$0000000C)
    _printf_l                                0x0800021b   Thumb Code     0  _printf_l.o(.ARM.Collect$$_printf_percent$$00000012)
    _printf_c                                0x08000225   Thumb Code     0  _printf_c.o(.ARM.Collect$$_printf_percent$$00000013)
    _printf_lc                               0x0800022b   Thumb Code     0  _printf_lc.o(.ARM.Collect$$_printf_percent$$00000015)
    _printf_percent_end                      0x08000231   Thumb Code     0  _printf_percent_end.o(.ARM.Collect$$_printf_percent$$00000017)
    __rt_lib_init                            0x08000235   Thumb Code     0  libinit.o(.ARM.Collect$$libinit$$00000000)
    __rt_lib_init_fp_1                       0x08000237   Thumb Code     0  libinit2.o(.ARM.Collect$$libinit$$00000001)
    __rt_lib_init_heap_2                     0x0800023b   Thumb Code     0  libinit2.o(.ARM.Collect$$libinit$$00000007)
    __rt_lib_init_preinit_1                  0x0800023b   Thumb Code     0  libinit2.o(.ARM.Collect$$libinit$$00000006)
    __rt_lib_init_relocate_pie_1             0x0800023b   Thumb Code     0  libinit2.o(.ARM.Collect$$libinit$$00000004)
    __rt_lib_init_heap_1                     0x08000243   Thumb Code     0  libinit2.o(.ARM.Collect$$libinit$$0000000C)
    __rt_lib_init_lc_common                  0x08000243   Thumb Code     0  libinit2.o(.ARM.Collect$$libinit$$00000011)
    __rt_lib_init_rand_1                     0x08000243   Thumb Code     0  libinit2.o(.ARM.Collect$$libinit$$00000010)
    __rt_lib_init_user_alloc_1               0x08000243   Thumb Code     0  libinit2.o(.ARM.Collect$$libinit$$0000000E)
    __rt_lib_init_lc_collate_1               0x08000249   Thumb Code     0  libinit2.o(.ARM.Collect$$libinit$$00000013)
    __rt_lib_init_lc_ctype_2                 0x08000249   Thumb Code     0  libinit2.o(.ARM.Collect$$libinit$$00000014)
    __rt_lib_init_atexit_1                   0x08000255   Thumb Code     0  libinit2.o(.ARM.Collect$$libinit$$0000001D)
    __rt_lib_init_clock_1                    0x08000255   Thumb Code     0  libinit2.o(.ARM.Collect$$libinit$$00000023)
    __rt_lib_init_fp_trap_1                  0x08000255   Thumb Code     0  libinit2.o(.ARM.Collect$$libinit$$00000021)
    __rt_lib_init_getenv_1                   0x08000255   Thumb Code     0  libinit2.o(.ARM.Collect$$libinit$$00000025)
    __rt_lib_init_lc_ctype_1                 0x08000255   Thumb Code     0  libinit2.o(.ARM.Collect$$libinit$$00000015)
    __rt_lib_init_lc_monetary_1              0x08000255   Thumb Code     0  libinit2.o(.ARM.Collect$$libinit$$00000017)
    __rt_lib_init_lc_numeric_1               0x08000255   Thumb Code     0  libinit2.o(.ARM.Collect$$libinit$$00000019)
    __rt_lib_init_lc_time_1                  0x08000255   Thumb Code     0  libinit2.o(.ARM.Collect$$libinit$$0000001B)
    __rt_lib_init_signal_1                   0x08000255   Thumb Code     0  libinit2.o(.ARM.Collect$$libinit$$0000001F)
    __rt_lib_init_stdio_2                    0x08000255   Thumb Code     0  libinit2.o(.ARM.Collect$$libinit$$00000026)
    __rt_lib_init_alloca_1                   0x08000259   Thumb Code     0  libinit2.o(.ARM.Collect$$libinit$$00000030)
    __rt_lib_init_argv_1                     0x08000259   Thumb Code     0  libinit2.o(.ARM.Collect$$libinit$$0000002E)
    __rt_lib_init_cpp_1                      0x08000259   Thumb Code     0  libinit2.o(.ARM.Collect$$libinit$$00000034)
    __rt_lib_init_exceptions_1               0x08000259   Thumb Code     0  libinit2.o(.ARM.Collect$$libinit$$00000032)
    __rt_lib_init_return                     0x08000259   Thumb Code     0  libinit2.o(.ARM.Collect$$libinit$$00000035)
    __rt_lib_init_stdio_1                    0x08000259   Thumb Code     0  libinit2.o(.ARM.Collect$$libinit$$00000027)
    __rt_lib_shutdown                        0x0800025b   Thumb Code     0  libshutdown.o(.ARM.Collect$$libshutdown$$00000000)
    __rt_lib_shutdown_cpp_1                  0x0800025d   Thumb Code     0  libshutdown2.o(.ARM.Collect$$libshutdown$$00000002)
    __rt_lib_shutdown_stdio_2                0x0800025d   Thumb Code     0  libshutdown2.o(.ARM.Collect$$libshutdown$$00000003)
    __rt_lib_shutdown_fp_trap_1              0x08000261   Thumb Code     0  libshutdown2.o(.ARM.Collect$$libshutdown$$00000007)
    __rt_lib_shutdown_heap_1                 0x08000261   Thumb Code     0  libshutdown2.o(.ARM.Collect$$libshutdown$$0000000F)
    __rt_lib_shutdown_return                 0x08000261   Thumb Code     0  libshutdown2.o(.ARM.Collect$$libshutdown$$00000010)
    __rt_lib_shutdown_signal_1               0x08000261   Thumb Code     0  libshutdown2.o(.ARM.Collect$$libshutdown$$0000000A)
    __rt_lib_shutdown_stdio_1                0x08000261   Thumb Code     0  libshutdown2.o(.ARM.Collect$$libshutdown$$00000004)
    __rt_lib_shutdown_user_alloc_1           0x08000261   Thumb Code     0  libshutdown2.o(.ARM.Collect$$libshutdown$$0000000C)
    __rt_entry                               0x08000263   Thumb Code     0  __rtentry.o(.ARM.Collect$$rtentry$$00000000)
    __rt_entry_presh_1                       0x08000263   Thumb Code     0  __rtentry2.o(.ARM.Collect$$rtentry$$00000002)
    __rt_entry_sh                            0x08000263   Thumb Code     0  __rtentry4.o(.ARM.Collect$$rtentry$$00000004)
    __rt_entry_li                            0x08000269   Thumb Code     0  __rtentry2.o(.ARM.Collect$$rtentry$$0000000A)
    __rt_entry_postsh_1                      0x08000269   Thumb Code     0  __rtentry2.o(.ARM.Collect$$rtentry$$00000009)
    __rt_entry_main                          0x0800026d   Thumb Code     0  __rtentry2.o(.ARM.Collect$$rtentry$$0000000D)
    __rt_entry_postli_1                      0x0800026d   Thumb Code     0  __rtentry2.o(.ARM.Collect$$rtentry$$0000000C)
    __rt_exit                                0x08000275   Thumb Code     0  rtexit.o(.ARM.Collect$$rtexit$$00000000)
    __rt_exit_ls                             0x08000277   Thumb Code     0  rtexit2.o(.ARM.Collect$$rtexit$$00000003)
    __rt_exit_prels_1                        0x08000277   Thumb Code     0  rtexit2.o(.ARM.Collect$$rtexit$$00000002)
    __rt_exit_exit                           0x0800027b   Thumb Code     0  rtexit2.o(.ARM.Collect$$rtexit$$00000004)
    Reset_Handler                            0x08000281   Thumb Code     8  startup_stm32f407xx.o(.text)
    ADC_IRQHandler                           0x0800029b   Thumb Code     0  startup_stm32f407xx.o(.text)
    CAN1_RX0_IRQHandler                      0x0800029b   Thumb Code     0  startup_stm32f407xx.o(.text)
    CAN1_RX1_IRQHandler                      0x0800029b   Thumb Code     0  startup_stm32f407xx.o(.text)
    CAN1_SCE_IRQHandler                      0x0800029b   Thumb Code     0  startup_stm32f407xx.o(.text)
    CAN1_TX_IRQHandler                       0x0800029b   Thumb Code     0  startup_stm32f407xx.o(.text)
    CAN2_RX0_IRQHandler                      0x0800029b   Thumb Code     0  startup_stm32f407xx.o(.text)
    CAN2_RX1_IRQHandler                      0x0800029b   Thumb Code     0  startup_stm32f407xx.o(.text)
    CAN2_SCE_IRQHandler                      0x0800029b   Thumb Code     0  startup_stm32f407xx.o(.text)
    CAN2_TX_IRQHandler                       0x0800029b   Thumb Code     0  startup_stm32f407xx.o(.text)
    DCMI_IRQHandler                          0x0800029b   Thumb Code     0  startup_stm32f407xx.o(.text)
    DMA1_Stream0_IRQHandler                  0x0800029b   Thumb Code     0  startup_stm32f407xx.o(.text)
    DMA1_Stream1_IRQHandler                  0x0800029b   Thumb Code     0  startup_stm32f407xx.o(.text)
    DMA1_Stream2_IRQHandler                  0x0800029b   Thumb Code     0  startup_stm32f407xx.o(.text)
    DMA1_Stream3_IRQHandler                  0x0800029b   Thumb Code     0  startup_stm32f407xx.o(.text)
    DMA1_Stream4_IRQHandler                  0x0800029b   Thumb Code     0  startup_stm32f407xx.o(.text)
    DMA1_Stream5_IRQHandler                  0x0800029b   Thumb Code     0  startup_stm32f407xx.o(.text)
    DMA1_Stream6_IRQHandler                  0x0800029b   Thumb Code     0  startup_stm32f407xx.o(.text)
    DMA1_Stream7_IRQHandler                  0x0800029b   Thumb Code     0  startup_stm32f407xx.o(.text)
    DMA2_Stream0_IRQHandler                  0x0800029b   Thumb Code     0  startup_stm32f407xx.o(.text)
    DMA2_Stream1_IRQHandler                  0x0800029b   Thumb Code     0  startup_stm32f407xx.o(.text)
    DMA2_Stream2_IRQHandler                  0x0800029b   Thumb Code     0  startup_stm32f407xx.o(.text)
    DMA2_Stream3_IRQHandler                  0x0800029b   Thumb Code     0  startup_stm32f407xx.o(.text)
    DMA2_Stream4_IRQHandler                  0x0800029b   Thumb Code     0  startup_stm32f407xx.o(.text)
    DMA2_Stream5_IRQHandler                  0x0800029b   Thumb Code     0  startup_stm32f407xx.o(.text)
    DMA2_Stream6_IRQHandler                  0x0800029b   Thumb Code     0  startup_stm32f407xx.o(.text)
    DMA2_Stream7_IRQHandler                  0x0800029b   Thumb Code     0  startup_stm32f407xx.o(.text)
    ETH_IRQHandler                           0x0800029b   Thumb Code     0  startup_stm32f407xx.o(.text)
    ETH_WKUP_IRQHandler                      0x0800029b   Thumb Code     0  startup_stm32f407xx.o(.text)
    EXTI0_IRQHandler                         0x0800029b   Thumb Code     0  startup_stm32f407xx.o(.text)
    EXTI15_10_IRQHandler                     0x0800029b   Thumb Code     0  startup_stm32f407xx.o(.text)
    EXTI1_IRQHandler                         0x0800029b   Thumb Code     0  startup_stm32f407xx.o(.text)
    EXTI2_IRQHandler                         0x0800029b   Thumb Code     0  startup_stm32f407xx.o(.text)
    EXTI3_IRQHandler                         0x0800029b   Thumb Code     0  startup_stm32f407xx.o(.text)
    EXTI4_IRQHandler                         0x0800029b   Thumb Code     0  startup_stm32f407xx.o(.text)
    EXTI9_5_IRQHandler                       0x0800029b   Thumb Code     0  startup_stm32f407xx.o(.text)
    FLASH_IRQHandler                         0x0800029b   Thumb Code     0  startup_stm32f407xx.o(.text)
    FMC_IRQHandler                           0x0800029b   Thumb Code     0  startup_stm32f407xx.o(.text)
    FPU_IRQHandler                           0x0800029b   Thumb Code     0  startup_stm32f407xx.o(.text)
    HASH_RNG_IRQHandler                      0x0800029b   Thumb Code     0  startup_stm32f407xx.o(.text)
    I2C1_ER_IRQHandler                       0x0800029b   Thumb Code     0  startup_stm32f407xx.o(.text)
    I2C1_EV_IRQHandler                       0x0800029b   Thumb Code     0  startup_stm32f407xx.o(.text)
    I2C2_ER_IRQHandler                       0x0800029b   Thumb Code     0  startup_stm32f407xx.o(.text)
    I2C2_EV_IRQHandler                       0x0800029b   Thumb Code     0  startup_stm32f407xx.o(.text)
    I2C3_ER_IRQHandler                       0x0800029b   Thumb Code     0  startup_stm32f407xx.o(.text)
    I2C3_EV_IRQHandler                       0x0800029b   Thumb Code     0  startup_stm32f407xx.o(.text)
    OTG_FS_IRQHandler                        0x0800029b   Thumb Code     0  startup_stm32f407xx.o(.text)
    OTG_FS_WKUP_IRQHandler                   0x0800029b   Thumb Code     0  startup_stm32f407xx.o(.text)
    OTG_HS_EP1_IN_IRQHandler                 0x0800029b   Thumb Code     0  startup_stm32f407xx.o(.text)
    OTG_HS_EP1_OUT_IRQHandler                0x0800029b   Thumb Code     0  startup_stm32f407xx.o(.text)
    OTG_HS_IRQHandler                        0x0800029b   Thumb Code     0  startup_stm32f407xx.o(.text)
    OTG_HS_WKUP_IRQHandler                   0x0800029b   Thumb Code     0  startup_stm32f407xx.o(.text)
    PVD_IRQHandler                           0x0800029b   Thumb Code     0  startup_stm32f407xx.o(.text)
    RCC_IRQHandler                           0x0800029b   Thumb Code     0  startup_stm32f407xx.o(.text)
    RTC_Alarm_IRQHandler                     0x0800029b   Thumb Code     0  startup_stm32f407xx.o(.text)
    RTC_WKUP_IRQHandler                      0x0800029b   Thumb Code     0  startup_stm32f407xx.o(.text)
    SDIO_IRQHandler                          0x0800029b   Thumb Code     0  startup_stm32f407xx.o(.text)
    SPI1_IRQHandler                          0x0800029b   Thumb Code     0  startup_stm32f407xx.o(.text)
    SPI2_IRQHandler                          0x0800029b   Thumb Code     0  startup_stm32f407xx.o(.text)
    SPI3_IRQHandler                          0x0800029b   Thumb Code     0  startup_stm32f407xx.o(.text)
    TAMP_STAMP_IRQHandler                    0x0800029b   Thumb Code     0  startup_stm32f407xx.o(.text)
    TIM1_BRK_TIM9_IRQHandler                 0x0800029b   Thumb Code     0  startup_stm32f407xx.o(.text)
    TIM1_CC_IRQHandler                       0x0800029b   Thumb Code     0  startup_stm32f407xx.o(.text)
    TIM1_TRG_COM_TIM11_IRQHandler            0x0800029b   Thumb Code     0  startup_stm32f407xx.o(.text)
    TIM1_UP_TIM10_IRQHandler                 0x0800029b   Thumb Code     0  startup_stm32f407xx.o(.text)
    TIM2_IRQHandler                          0x0800029b   Thumb Code     0  startup_stm32f407xx.o(.text)
    TIM3_IRQHandler                          0x0800029b   Thumb Code     0  startup_stm32f407xx.o(.text)
    TIM4_IRQHandler                          0x0800029b   Thumb Code     0  startup_stm32f407xx.o(.text)
    TIM5_IRQHandler                          0x0800029b   Thumb Code     0  startup_stm32f407xx.o(.text)
    TIM6_DAC_IRQHandler                      0x0800029b   Thumb Code     0  startup_stm32f407xx.o(.text)
    TIM7_IRQHandler                          0x0800029b   Thumb Code     0  startup_stm32f407xx.o(.text)
    TIM8_BRK_TIM12_IRQHandler                0x0800029b   Thumb Code     0  startup_stm32f407xx.o(.text)
    TIM8_CC_IRQHandler                       0x0800029b   Thumb Code     0  startup_stm32f407xx.o(.text)
    TIM8_TRG_COM_TIM14_IRQHandler            0x0800029b   Thumb Code     0  startup_stm32f407xx.o(.text)
    TIM8_UP_TIM13_IRQHandler                 0x0800029b   Thumb Code     0  startup_stm32f407xx.o(.text)
    UART4_IRQHandler                         0x0800029b   Thumb Code     0  startup_stm32f407xx.o(.text)
    UART5_IRQHandler                         0x0800029b   Thumb Code     0  startup_stm32f407xx.o(.text)
    USART1_IRQHandler                        0x0800029b   Thumb Code     0  startup_stm32f407xx.o(.text)
    USART2_IRQHandler                        0x0800029b   Thumb Code     0  startup_stm32f407xx.o(.text)
    USART3_IRQHandler                        0x0800029b   Thumb Code     0  startup_stm32f407xx.o(.text)
    USART6_IRQHandler                        0x0800029b   Thumb Code     0  startup_stm32f407xx.o(.text)
    WWDG_IRQHandler                          0x0800029b   Thumb Code     0  startup_stm32f407xx.o(.text)
    __user_initial_stackheap                 0x0800029d   Thumb Code     0  startup_stm32f407xx.o(.text)
    __aeabi_uldivmod                         0x080002c1   Thumb Code     0  lludivv7m.o(.text)
    _ll_udiv                                 0x080002c1   Thumb Code   240  lludivv7m.o(.text)
    __2printf                                0x080003b1   Thumb Code    20  noretval__2printf.o(.text)
    __2sprintf                               0x080003c9   Thumb Code    34  noretval__2sprintf.o(.text)
    _printf_pre_padding                      0x080003f1   Thumb Code    44  _printf_pad.o(.text)
    _printf_post_padding                     0x0800041d   Thumb Code    34  _printf_pad.o(.text)
    _printf_truncate_signed                  0x0800043f   Thumb Code    18  _printf_truncate.o(.text)
    _printf_truncate_unsigned                0x08000451   Thumb Code    18  _printf_truncate.o(.text)
    _printf_str                              0x08000463   Thumb Code    82  _printf_str.o(.text)
    _printf_int_dec                          0x080004b5   Thumb Code   104  _printf_dec.o(.text)
    _printf_wctomb                           0x0800052d   Thumb Code   182  _printf_wctomb.o(.text)
    _printf_int_oct                          0x080005e9   Thumb Code    74  _printf_oct_int.o(.text)
    _printf_longlong_oct                     0x080005e9   Thumb Code     0  _printf_oct_int.o(.text)
    _printf_int_hex                          0x0800063d   Thumb Code    84  _printf_hex_int.o(.text)
    _printf_longlong_hex                     0x0800063d   Thumb Code     0  _printf_hex_int.o(.text)
    __printf                                 0x08000695   Thumb Code   388  __printf_flags_ss_wp.o(.text)
    puts                                     0x0800081d   Thumb Code    40  puts.o(.text)
    strcmp                                   0x08000849   Thumb Code   124  strcmpv7em.o(.text)
    __use_two_region_memory                  0x080008c5   Thumb Code     2  heapauxi.o(.text)
    __rt_heap_escrow                         0x080008c7   Thumb Code     2  heapauxi.o(.text)
    __rt_heap_expand                         0x080008c9   Thumb Code     2  heapauxi.o(.text)
    _printf_int_common                       0x080008cb   Thumb Code   178  _printf_intcommon.o(.text)
    _printf_char_common                      0x08000987   Thumb Code    32  _printf_char_common.o(.text)
    _sputc                                   0x080009ad   Thumb Code    10  _sputc.o(.text)
    _printf_cs_common                        0x080009b7   Thumb Code    20  _printf_char.o(.text)
    _printf_char                             0x080009cb   Thumb Code    16  _printf_char.o(.text)
    _printf_string                           0x080009db   Thumb Code     8  _printf_char.o(.text)
    _printf_char_file                        0x080009e5   Thumb Code    32  _printf_char_file.o(.text)
    _printf_lcs_common                       0x08000a09   Thumb Code    20  _printf_wchar.o(.text)
    _printf_wchar                            0x08000a1d   Thumb Code    16  _printf_wchar.o(.text)
    _printf_wstring                          0x08000a2d   Thumb Code     8  _printf_wchar.o(.text)
    _c16rtomb                                0x08000a35   Thumb Code    72  _c16rtomb.o(.text)
    _wcrtomb                                 0x08000a35   Thumb Code     0  _c16rtomb.o(.text)
    __rt_ctype_table                         0x08000a7d   Thumb Code    16  rt_ctype_table.o(.text)
    ferror                                   0x08000a8d   Thumb Code     8  ferror.o(.text)
    _initio                                  0x08000a95   Thumb Code   210  initio.o(.text)
    _terminateio                             0x08000b67   Thumb Code    56  initio.o(.text)
    __user_setup_stackheap                   0x08000bcd   Thumb Code    74  sys_stackheap_outer.o(.text)
    __rt_locale                              0x08000c19   Thumb Code     8  rt_locale_intlibspace.o(.text)
    free                                     0x08000c21   Thumb Code    78  h1_free.o(.text)
    setvbuf                                  0x08000c6f   Thumb Code    70  setvbuf.o(.text)
    freopen                                  0x08000cb5   Thumb Code   160  fopen.o(.text)
    fopen                                    0x08000d55   Thumb Code    74  fopen.o(.text)
    _fclose_internal                         0x08000da5   Thumb Code    76  fclose.o(.text)
    fclose                                   0x08000da5   Thumb Code     0  fclose.o(.text)
    exit                                     0x08000df1   Thumb Code    18  exit.o(.text)
    __rt_SIGRTRED                            0x08000e03   Thumb Code    14  defsig_rtred_outer.o(.text)
    __aeabi_memclr4                          0x08000e11   Thumb Code     0  rt_memclr_w.o(.text)
    __aeabi_memclr8                          0x08000e11   Thumb Code     0  rt_memclr_w.o(.text)
    __rt_memclr_w                            0x08000e11   Thumb Code     0  rt_memclr_w.o(.text)
    _memset_w                                0x08000e15   Thumb Code    74  rt_memclr_w.o(.text)
    __user_libspace                          0x08000e61   Thumb Code     8  libspace.o(.text)
    __user_perproc_libspace                  0x08000e61   Thumb Code     0  libspace.o(.text)
    __user_perthread_libspace                0x08000e61   Thumb Code     0  libspace.o(.text)
    __rt_heap_descriptor                     0x08000e69   Thumb Code     8  rt_heap_descriptor_intlibspace.o(.text)
    __use_no_heap                            0x08000e71   Thumb Code     2  hguard.o(.text)
    __heap$guard                             0x08000e73   Thumb Code     2  hguard.o(.text)
    _terminate_user_alloc                    0x08000e75   Thumb Code     2  init_alloc.o(.text)
    _init_user_alloc                         0x08000e77   Thumb Code     2  init_alloc.o(.text)
    __Heap_Full                              0x08000e79   Thumb Code    34  init_alloc.o(.text)
    __Heap_Broken                            0x08000e9b   Thumb Code     6  init_alloc.o(.text)
    _init_alloc                              0x08000ea1   Thumb Code    94  init_alloc.o(.text)
    malloc                                   0x08000eff   Thumb Code    94  h1_alloc.o(.text)
    _fseek                                   0x08000f5d   Thumb Code   242  fseek.o(.text)
    fseek                                    0x08000f5d   Thumb Code     0  fseek.o(.text)
    _seterr                                  0x08001055   Thumb Code    20  stdio.o(.text)
    _writebuf                                0x08001069   Thumb Code   108  stdio.o(.text)
    _fflush                                  0x080010d5   Thumb Code    70  stdio.o(.text)
    _deferredlazyseek                        0x0800111b   Thumb Code    60  stdio.o(.text)
    __sig_exit                               0x0800115d   Thumb Code    10  defsig_exit.o(.text)
    __rt_SIGRTRED_inner                      0x08001169   Thumb Code    14  defsig_rtred_inner.o(.text)
    _sys_exit                                0x0800119d   Thumb Code     8  sys_exit.o(.text)
    __Heap_Initialize                        0x080011a9   Thumb Code    10  h1_init.o(.text)
    _maybe_terminate_alloc                   0x080011a9   Thumb Code     0  maybetermalloc1.o(.text)
    __Heap_DescSize                          0x080011b3   Thumb Code     4  h1_init.o(.text)
    __Heap_ProvideMemory                     0x080011b7   Thumb Code    52  h1_extend.o(.text)
    _ftell_internal                          0x080011eb   Thumb Code    66  ftell.o(.text)
    ftell                                    0x080011eb   Thumb Code     0  ftell.o(.text)
    __default_signal_display                 0x0800122d   Thumb Code    50  defsig_general.o(.text)
    __rt_SIGRTMEM                            0x0800125f   Thumb Code    14  defsig_rtmem_outer.o(.text)
    _ttywrch                                 0x0800126d   Thumb Code    14  sys_wrch.o(.text)
    __I$use$semihosting                      0x0800127b   Thumb Code     0  use_no_semi.o(.text)
    __use_no_semihosting_swi                 0x0800127b   Thumb Code     2  use_no_semi.o(.text)
    __aeabi_errno_addr                       0x0800127d   Thumb Code     8  rt_errno_addr_intlibspace.o(.text)
    __errno$intlibspace                      0x0800127d   Thumb Code     0  rt_errno_addr_intlibspace.o(.text)
    __rt_errno_addr$intlibspace              0x0800127d   Thumb Code     0  rt_errno_addr_intlibspace.o(.text)
    __semihosting_library_function           0x0800127d   Thumb Code     0  indicate_semi.o(.text)
    __rt_SIGRTMEM_inner                      0x08001285   Thumb Code    22  defsig_rtmem_inner.o(.text)
    BusFault_Handler                         0x080012d5   Thumb Code     2  stm32f4xx_it.o(.text.BusFault_Handler)
    DebugMon_Handler                         0x080012d9   Thumb Code     2  stm32f4xx_it.o(.text.DebugMon_Handler)
    Error_Handler                            0x080012dd   Thumb Code    10  main.o(.text.Error_Handler)
    HAL_ADCEx_InjectedConfigChannel          0x080012e9   Thumb Code   360  stm32f4xx_hal_adc_ex.o(.text.HAL_ADCEx_InjectedConfigChannel)
    HAL_ADC_ConfigChannel                    0x08001451   Thumb Code   326  stm32f4xx_hal_adc.o(.text.HAL_ADC_ConfigChannel)
    HAL_ADC_Init                             0x08001599   Thumb Code   350  stm32f4xx_hal_adc.o(.text.HAL_ADC_Init)
    HAL_ADC_MspInit                          0x080016f9   Thumb Code    54  adc.o(.text.HAL_ADC_MspInit)
    HAL_Delay                                0x08001731   Thumb Code    40  stm32f4xx_hal.o(.text.HAL_Delay)
    HAL_GPIO_Init                            0x08001759   Thumb Code   422  stm32f4xx_hal_gpio.o(.text.HAL_GPIO_Init)
    HAL_GPIO_ReadPin                         0x08001901   Thumb Code    10  stm32f4xx_hal_gpio.o(.text.HAL_GPIO_ReadPin)
    HAL_GPIO_WritePin                        0x0800190d   Thumb Code    10  stm32f4xx_hal_gpio.o(.text.HAL_GPIO_WritePin)
    HAL_GetTick                              0x08001919   Thumb Code    12  stm32f4xx_hal.o(.text.HAL_GetTick)
    HAL_I2C_Init                             0x08001925   Thumb Code   374  stm32f4xx_hal_i2c.o(.text.HAL_I2C_Init)
    HAL_I2C_IsDeviceReady                    0x08001a9d   Thumb Code   550  stm32f4xx_hal_i2c.o(.text.HAL_I2C_IsDeviceReady)
    HAL_I2C_Master_Transmit                  0x08001cc5   Thumb Code  1144  stm32f4xx_hal_i2c.o(.text.HAL_I2C_Master_Transmit)
    HAL_I2C_Mem_Read                         0x0800213d   Thumb Code   878  stm32f4xx_hal_i2c.o(.text.HAL_I2C_Mem_Read)
    HAL_I2C_MspInit                          0x080024ad   Thumb Code   214  i2c.o(.text.HAL_I2C_MspInit)
    HAL_IncTick                              0x08002585   Thumb Code    26  stm32f4xx_hal.o(.text.HAL_IncTick)
    HAL_Init                                 0x080025a1   Thumb Code    54  stm32f4xx_hal.o(.text.HAL_Init)
    HAL_InitTick                             0x080025d9   Thumb Code    72  stm32f4xx_hal.o(.text.HAL_InitTick)
    HAL_MspInit                              0x08002621   Thumb Code    56  stm32f4xx_hal_msp.o(.text.HAL_MspInit)
    HAL_NVIC_SetPriority                     0x08002659   Thumb Code    86  stm32f4xx_hal_cortex.o(.text.HAL_NVIC_SetPriority)
    HAL_NVIC_SetPriorityGrouping             0x080026b1   Thumb Code    32  stm32f4xx_hal_cortex.o(.text.HAL_NVIC_SetPriorityGrouping)
    HAL_RCC_ClockConfig                      0x080026d1   Thumb Code   352  stm32f4xx_hal_rcc.o(.text.HAL_RCC_ClockConfig)
    HAL_RCC_GetPCLK1Freq                     0x08002831   Thumb Code    38  stm32f4xx_hal_rcc.o(.text.HAL_RCC_GetPCLK1Freq)
    HAL_RCC_GetPCLK2Freq                     0x08002859   Thumb Code    38  stm32f4xx_hal_rcc.o(.text.HAL_RCC_GetPCLK2Freq)
    HAL_RCC_GetSysClockFreq                  0x08002881   Thumb Code   108  stm32f4xx_hal_rcc.o(.text.HAL_RCC_GetSysClockFreq)
    HAL_RCC_OscConfig                        0x080028ed   Thumb Code   884  stm32f4xx_hal_rcc.o(.text.HAL_RCC_OscConfig)
    HAL_SYSTICK_Config                       0x08002c61   Thumb Code    44  stm32f4xx_hal_cortex.o(.text.HAL_SYSTICK_Config)
    HAL_UART_Init                            0x08002c8d   Thumb Code    94  stm32f4xx_hal_uart.o(.text.HAL_UART_Init)
    HAL_UART_MspInit                         0x08002ced   Thumb Code   106  usart.o(.text.HAL_UART_MspInit)
    HAL_UART_Transmit                        0x08002d59   Thumb Code   646  stm32f4xx_hal_uart.o(.text.HAL_UART_Transmit)
    HardFault_Handler                        0x08002fe1   Thumb Code     2  stm32f4xx_it.o(.text.HardFault_Handler)
    MX_ADC1_Init                             0x0800350d   Thumb Code   240  adc.o(.text.MX_ADC1_Init)
    MX_GPIO_Init                             0x080035fd   Thumb Code   280  gpio.o(.text.MX_GPIO_Init)
    MX_I2C1_Init                             0x08003715   Thumb Code    66  i2c.o(.text.MX_I2C1_Init)
    MX_I2C2_Init                             0x08003759   Thumb Code    66  i2c.o(.text.MX_I2C2_Init)
    MX_USART2_UART_Init                      0x0800379d   Thumb Code    60  usart.o(.text.MX_USART2_UART_Init)
    MemManage_Handler                        0x080037d9   Thumb Code     2  stm32f4xx_it.o(.text.MemManage_Handler)
    NMI_Handler                              0x080037dd   Thumb Code     2  stm32f4xx_it.o(.text.NMI_Handler)
    PendSV_Handler                           0x080037e1   Thumb Code     2  stm32f4xx_it.o(.text.PendSV_Handler)
    SVC_Handler                              0x080037e5   Thumb Code     2  stm32f4xx_it.o(.text.SVC_Handler)
    SysTick_Handler                          0x080037e9   Thumb Code     4  stm32f4xx_it.o(.text.SysTick_Handler)
    SystemClock_Config                       0x080037ed   Thumb Code   176  main.o(.text.SystemClock_Config)
    SystemInit                               0x0800389d   Thumb Code    18  system_stm32f4xx.o(.text.SystemInit)
    UsageFault_Handler                       0x080039a1   Thumb Code     2  stm32f4xx_it.o(.text.UsageFault_Handler)
    _sys_close                               0x080039a5   Thumb Code    20  retarget_io.o(.text._sys_close)
    _sys_flen                                0x080039b9   Thumb Code     4  retarget_io.o(.text._sys_flen)
    _sys_istty                               0x080039bd   Thumb Code    16  retarget_io.o(.text._sys_istty)
    _sys_open                                0x080039cd   Thumb Code    98  retarget_io.o(.text._sys_open)
    _sys_seek                                0x08003a31   Thumb Code     6  retarget_io.o(.text._sys_seek)
    _sys_write                               0x08003a39   Thumb Code   906  retarget_io.o(.text._sys_write)
    display_4led                             0x08003dc5   Thumb Code   304  main.o(.text.display_4led)
    fn_Mode_4LED                             0x08003ef5   Thumb Code   692  main.o(.text.fn_Mode_4LED)
    fn_Mode_maytinh                          0x080041d9   Thumb Code  1328  main.o(.text.fn_Mode_maytinh)
    fputc                                    0x080047b1   Thumb Code    32  main.o(.text.fputc)
    lcd_clear                                0x080047d1   Thumb Code    84  i2c-lcd.o(.text.lcd_clear)
    lcd_init                                 0x08004825   Thumb Code   352  i2c-lcd.o(.text.lcd_init)
    lcd_put_cur                              0x08004985   Thumb Code   124  i2c-lcd.o(.text.lcd_put_cur)
    lcd_send_data                            0x08004a01   Thumb Code    68  i2c-lcd.o(.text.lcd_send_data)
    lcd_send_string                          0x08004a45   Thumb Code    86  i2c-lcd.o(.text.lcd_send_string)
    main                                     0x08004a9d   Thumb Code   276  main.o(.text.main)
    scan_key                                 0x08004c3d   Thumb Code   524  main.o(.text.scan_key)
    shiftout                                 0x08004e59   Thumb Code   270  main.o(.text.shiftout)
    _is_digit                                0x08004f67   Thumb Code    14  __printf_wp.o(i._is_digit)
    _get_lc_ctype                            0x08004f75   Thumb Code    44  lc_ctype_c.o(locale$$code)
    _fp_init                                 0x08004fa1   Thumb Code    26  fpinit.o(x$fpl$fpinit)
    __fplib_config_fpu_vfp                   0x08004fb9   Thumb Code     0  fpinit.o(x$fpl$fpinit)
    __fplib_config_pureend_doubles           0x08004fb9   Thumb Code     0  fpinit.o(x$fpl$fpinit)
    AHBPrescTable                            0x0800500e   Data          16  system_stm32f4xx.o(.rodata.AHBPrescTable)
    APBPrescTable                            0x0800501e   Data           8  system_stm32f4xx.o(.rodata.APBPrescTable)
    __stderr_name                            0x08005026   Data           8  retarget_io.o(.rodata.__stderr_name)
    __stdin_name                             0x0800502e   Data           7  retarget_io.o(.rodata.__stdin_name)
    __stdout_name                            0x08005035   Data           8  retarget_io.o(.rodata.__stdout_name)
    Region$$Table$$Base                      0x08005144   Number         0  anon$$obj.o(Region$$Table)
    Region$$Table$$Limit                     0x08005164   Number         0  anon$$obj.o(Region$$Table)
    __ctype                                  0x08005171   Data           0  lc_ctype_c.o(locale$$data)
    __aeabi_stdin                            0x20000000   Data           4  stdio_streams.o(.data)
    __aeabi_stdout                           0x20000004   Data           4  stdio_streams.o(.data)
    __aeabi_stderr                           0x20000008   Data           4  stdio_streams.o(.data)
    uwTickFreq                               0x2000000c   Data           1  stm32f4xx_hal.o(.data..L_MergedGlobals)
    uwTickPrio                               0x20000010   Data           4  stm32f4xx_hal.o(.data..L_MergedGlobals)
    SystemCoreClock                          0x20000014   Data           4  system_stm32f4xx.o(.data.SystemCoreClock)
    __stdin                                  0x20000018   Data          84  stdio_streams.o(.bss)
    __stdout                                 0x2000006c   Data          84  stdio_streams.o(.bss)
    __stderr                                 0x200000c0   Data          84  stdio_streams.o(.bss)
    __libspace_start                         0x20000114   Data          96  libspace.o(.bss)
    __temporary_stack_top$libspace           0x20000174   Data           0  libspace.o(.bss)
    key                                      0x20000174   Data           1  main.o(.bss..L_MergedGlobals)
    Global_NT                                0x20000175   Data           3  main.o(.bss..L_MergedGlobals)
    string_max                               0x20000178   Data           4  main.o(.bss..L_MergedGlobals)
    matrix_row                               0x2000017c   Data           4  main.o(.bss..L_MergedGlobals)
    matrix_col                               0x20000180   Data           4  main.o(.bss..L_MergedGlobals)
    buffer                                   0x20000184   Data          20  main.o(.bss..L_MergedGlobals)
    led                                      0x20000198   Data          28  main.o(.bss..L_MergedGlobals)
    Maytinh                                  0x200001b4   Data          44  main.o(.bss..L_MergedGlobals)
    hadc1                                    0x200001e0   Data          72  adc.o(.bss.hadc1)
    hi2c1                                    0x20000228   Data          84  i2c.o(.bss.hi2c1)
    hi2c2                                    0x2000027c   Data          84  i2c.o(.bss.hi2c2)
    huart2                                   0x200002d0   Data          68  usart.o(.bss.huart2)
    led_index                                0x20000314   Data           9  main.o(.bss.led_index)
    uwTick                                   0x20000320   Data           4  stm32f4xx_hal.o(.bss.uwTick)



==============================================================================

Memory Map of the image

  Image Entry point : 0x08000189

  Load Region LR_IROM1 (Base: 0x08000000, Size: 0x00005290, Max: 0x00080000, ABSOLUTE)

    Execution Region ER_IROM1 (Exec base: 0x08000000, Load base: 0x08000000, Size: 0x00005274, Max: 0x00080000, ABSOLUTE)

    Exec Addr    Load Addr    Size         Type   Attr      Idx    E Section Name        Object

    0x08000000   0x08000000   0x00000188   Data   RO            3    RESET               startup_stm32f407xx.o
    0x08000188   0x08000188   0x00000008   Code   RO         1040  * !!!main             c_w.l(__main.o)
    0x08000190   0x08000190   0x00000034   Code   RO         1391    !!!scatter          c_w.l(__scatter.o)
    0x080001c4   0x080001c4   0x0000001a   Code   RO         1393    !!handler_copy      c_w.l(__scatter_copy.o)
    0x080001de   0x080001de   0x00000002   PAD
    0x080001e0   0x080001e0   0x0000001c   Code   RO         1395    !!handler_zi        c_w.l(__scatter_zi.o)
    0x080001fc   0x080001fc   0x00000000   Code   RO         1032    .ARM.Collect$$_printf_percent$$00000000  c_w.l(_printf_percent.o)
    0x080001fc   0x080001fc   0x00000006   Code   RO         1029    .ARM.Collect$$_printf_percent$$00000008  c_w.l(_printf_i.o)
    0x08000202   0x08000202   0x00000006   Code   RO         1030    .ARM.Collect$$_printf_percent$$00000009  c_w.l(_printf_d.o)
    0x08000208   0x08000208   0x00000006   Code   RO         1031    .ARM.Collect$$_printf_percent$$0000000A  c_w.l(_printf_u.o)
    0x0800020e   0x0800020e   0x00000006   Code   RO         1028    .ARM.Collect$$_printf_percent$$0000000B  c_w.l(_printf_o.o)
    0x08000214   0x08000214   0x00000006   Code   RO         1027    .ARM.Collect$$_printf_percent$$0000000C  c_w.l(_printf_x.o)
    0x0800021a   0x0800021a   0x0000000a   Code   RO         1060    .ARM.Collect$$_printf_percent$$00000012  c_w.l(_printf_l.o)
    0x08000224   0x08000224   0x00000006   Code   RO         1026    .ARM.Collect$$_printf_percent$$00000013  c_w.l(_printf_c.o)
    0x0800022a   0x0800022a   0x00000006   Code   RO         1033    .ARM.Collect$$_printf_percent$$00000015  c_w.l(_printf_lc.o)
    0x08000230   0x08000230   0x00000004   Code   RO         1059    .ARM.Collect$$_printf_percent$$00000017  c_w.l(_printf_percent_end.o)
    0x08000234   0x08000234   0x00000002   Code   RO         1194    .ARM.Collect$$libinit$$00000000  c_w.l(libinit.o)
    0x08000236   0x08000236   0x00000004   Code   RO         1195    .ARM.Collect$$libinit$$00000001  c_w.l(libinit2.o)
    0x0800023a   0x0800023a   0x00000000   Code   RO         1198    .ARM.Collect$$libinit$$00000004  c_w.l(libinit2.o)
    0x0800023a   0x0800023a   0x00000000   Code   RO         1200    .ARM.Collect$$libinit$$00000006  c_w.l(libinit2.o)
    0x0800023a   0x0800023a   0x00000008   Code   RO         1201    .ARM.Collect$$libinit$$00000007  c_w.l(libinit2.o)
    0x08000242   0x08000242   0x00000000   Code   RO         1203    .ARM.Collect$$libinit$$0000000C  c_w.l(libinit2.o)
    0x08000242   0x08000242   0x00000000   Code   RO         1205    .ARM.Collect$$libinit$$0000000E  c_w.l(libinit2.o)
    0x08000242   0x08000242   0x00000000   Code   RO         1207    .ARM.Collect$$libinit$$00000010  c_w.l(libinit2.o)
    0x08000242   0x08000242   0x00000006   Code   RO         1208    .ARM.Collect$$libinit$$00000011  c_w.l(libinit2.o)
    0x08000248   0x08000248   0x00000000   Code   RO         1210    .ARM.Collect$$libinit$$00000013  c_w.l(libinit2.o)
    0x08000248   0x08000248   0x0000000c   Code   RO         1211    .ARM.Collect$$libinit$$00000014  c_w.l(libinit2.o)
    0x08000254   0x08000254   0x00000000   Code   RO         1212    .ARM.Collect$$libinit$$00000015  c_w.l(libinit2.o)
    0x08000254   0x08000254   0x00000000   Code   RO         1214    .ARM.Collect$$libinit$$00000017  c_w.l(libinit2.o)
    0x08000254   0x08000254   0x00000000   Code   RO         1216    .ARM.Collect$$libinit$$00000019  c_w.l(libinit2.o)
    0x08000254   0x08000254   0x00000000   Code   RO         1218    .ARM.Collect$$libinit$$0000001B  c_w.l(libinit2.o)
    0x08000254   0x08000254   0x00000000   Code   RO         1220    .ARM.Collect$$libinit$$0000001D  c_w.l(libinit2.o)
    0x08000254   0x08000254   0x00000000   Code   RO         1222    .ARM.Collect$$libinit$$0000001F  c_w.l(libinit2.o)
    0x08000254   0x08000254   0x00000000   Code   RO         1224    .ARM.Collect$$libinit$$00000021  c_w.l(libinit2.o)
    0x08000254   0x08000254   0x00000000   Code   RO         1226    .ARM.Collect$$libinit$$00000023  c_w.l(libinit2.o)
    0x08000254   0x08000254   0x00000000   Code   RO         1228    .ARM.Collect$$libinit$$00000025  c_w.l(libinit2.o)
    0x08000254   0x08000254   0x00000004   Code   RO         1229    .ARM.Collect$$libinit$$00000026  c_w.l(libinit2.o)
    0x08000258   0x08000258   0x00000000   Code   RO         1230    .ARM.Collect$$libinit$$00000027  c_w.l(libinit2.o)
    0x08000258   0x08000258   0x00000000   Code   RO         1234    .ARM.Collect$$libinit$$0000002E  c_w.l(libinit2.o)
    0x08000258   0x08000258   0x00000000   Code   RO         1236    .ARM.Collect$$libinit$$00000030  c_w.l(libinit2.o)
    0x08000258   0x08000258   0x00000000   Code   RO         1238    .ARM.Collect$$libinit$$00000032  c_w.l(libinit2.o)
    0x08000258   0x08000258   0x00000000   Code   RO         1240    .ARM.Collect$$libinit$$00000034  c_w.l(libinit2.o)
    0x08000258   0x08000258   0x00000002   Code   RO         1241    .ARM.Collect$$libinit$$00000035  c_w.l(libinit2.o)
    0x0800025a   0x0800025a   0x00000002   Code   RO         1372    .ARM.Collect$$libshutdown$$00000000  c_w.l(libshutdown.o)
    0x0800025c   0x0800025c   0x00000000   Code   RO         1243    .ARM.Collect$$libshutdown$$00000002  c_w.l(libshutdown2.o)
    0x0800025c   0x0800025c   0x00000004   Code   RO         1244    .ARM.Collect$$libshutdown$$00000003  c_w.l(libshutdown2.o)
    0x08000260   0x08000260   0x00000000   Code   RO         1245    .ARM.Collect$$libshutdown$$00000004  c_w.l(libshutdown2.o)
    0x08000260   0x08000260   0x00000000   Code   RO         1248    .ARM.Collect$$libshutdown$$00000007  c_w.l(libshutdown2.o)
    0x08000260   0x08000260   0x00000000   Code   RO         1251    .ARM.Collect$$libshutdown$$0000000A  c_w.l(libshutdown2.o)
    0x08000260   0x08000260   0x00000000   Code   RO         1253    .ARM.Collect$$libshutdown$$0000000C  c_w.l(libshutdown2.o)
    0x08000260   0x08000260   0x00000000   Code   RO         1256    .ARM.Collect$$libshutdown$$0000000F  c_w.l(libshutdown2.o)
    0x08000260   0x08000260   0x00000002   Code   RO         1257    .ARM.Collect$$libshutdown$$00000010  c_w.l(libshutdown2.o)
    0x08000262   0x08000262   0x00000000   Code   RO         1042    .ARM.Collect$$rtentry$$00000000  c_w.l(__rtentry.o)
    0x08000262   0x08000262   0x00000000   Code   RO         1070    .ARM.Collect$$rtentry$$00000002  c_w.l(__rtentry2.o)
    0x08000262   0x08000262   0x00000006   Code   RO         1082    .ARM.Collect$$rtentry$$00000004  c_w.l(__rtentry4.o)
    0x08000268   0x08000268   0x00000000   Code   RO         1072    .ARM.Collect$$rtentry$$00000009  c_w.l(__rtentry2.o)
    0x08000268   0x08000268   0x00000004   Code   RO         1073    .ARM.Collect$$rtentry$$0000000A  c_w.l(__rtentry2.o)
    0x0800026c   0x0800026c   0x00000000   Code   RO         1075    .ARM.Collect$$rtentry$$0000000C  c_w.l(__rtentry2.o)
    0x0800026c   0x0800026c   0x00000008   Code   RO         1076    .ARM.Collect$$rtentry$$0000000D  c_w.l(__rtentry2.o)
    0x08000274   0x08000274   0x00000002   Code   RO         1261    .ARM.Collect$$rtexit$$00000000  c_w.l(rtexit.o)
    0x08000276   0x08000276   0x00000000   Code   RO         1311    .ARM.Collect$$rtexit$$00000002  c_w.l(rtexit2.o)
    0x08000276   0x08000276   0x00000004   Code   RO         1312    .ARM.Collect$$rtexit$$00000003  c_w.l(rtexit2.o)
    0x0800027a   0x0800027a   0x00000006   Code   RO         1313    .ARM.Collect$$rtexit$$00000004  c_w.l(rtexit2.o)
    0x08000280   0x08000280   0x00000040   Code   RO            4    .text               startup_stm32f407xx.o
    0x080002c0   0x080002c0   0x000000f0   Code   RO          956    .text               c_w.l(lludivv7m.o)
    0x080003b0   0x080003b0   0x00000018   Code   RO          962    .text               c_w.l(noretval__2printf.o)
    0x080003c8   0x080003c8   0x00000028   Code   RO          964    .text               c_w.l(noretval__2sprintf.o)
    0x080003f0   0x080003f0   0x0000004e   Code   RO          968    .text               c_w.l(_printf_pad.o)
    0x0800043e   0x0800043e   0x00000024   Code   RO          970    .text               c_w.l(_printf_truncate.o)
    0x08000462   0x08000462   0x00000052   Code   RO          972    .text               c_w.l(_printf_str.o)
    0x080004b4   0x080004b4   0x00000078   Code   RO          974    .text               c_w.l(_printf_dec.o)
    0x0800052c   0x0800052c   0x000000bc   Code   RO          976    .text               c_w.l(_printf_wctomb.o)
    0x080005e8   0x080005e8   0x00000054   Code   RO          981    .text               c_w.l(_printf_oct_int.o)
    0x0800063c   0x0800063c   0x00000058   Code   RO          988    .text               c_w.l(_printf_hex_int.o)
    0x08000694   0x08000694   0x00000188   Code   RO         1023    .text               c_w.l(__printf_flags_ss_wp.o)
    0x0800081c   0x0800081c   0x0000002c   Code   RO         1034    .text               c_w.l(puts.o)
    0x08000848   0x08000848   0x0000007c   Code   RO         1036    .text               c_w.l(strcmpv7em.o)
    0x080008c4   0x080008c4   0x00000006   Code   RO         1038    .text               c_w.l(heapauxi.o)
    0x080008ca   0x080008ca   0x000000b2   Code   RO         1047    .text               c_w.l(_printf_intcommon.o)
    0x0800097c   0x0800097c   0x00000030   Code   RO         1049    .text               c_w.l(_printf_char_common.o)
    0x080009ac   0x080009ac   0x0000000a   Code   RO         1051    .text               c_w.l(_sputc.o)
    0x080009b6   0x080009b6   0x0000002c   Code   RO         1053    .text               c_w.l(_printf_char.o)
    0x080009e2   0x080009e2   0x00000002   PAD
    0x080009e4   0x080009e4   0x00000024   Code   RO         1055    .text               c_w.l(_printf_char_file.o)
    0x08000a08   0x08000a08   0x0000002c   Code   RO         1057    .text               c_w.l(_printf_wchar.o)
    0x08000a34   0x08000a34   0x00000048   Code   RO         1067    .text               c_w.l(_c16rtomb.o)
    0x08000a7c   0x08000a7c   0x00000010   Code   RO         1084    .text               c_w.l(rt_ctype_table.o)
    0x08000a8c   0x08000a8c   0x00000008   Code   RO         1090    .text               c_w.l(ferror.o)
    0x08000a94   0x08000a94   0x00000138   Code   RO         1092    .text               c_w.l(initio.o)
    0x08000bcc   0x08000bcc   0x0000004a   Code   RO         1100    .text               c_w.l(sys_stackheap_outer.o)
    0x08000c16   0x08000c16   0x00000002   PAD
    0x08000c18   0x08000c18   0x00000008   Code   RO         1105    .text               c_w.l(rt_locale_intlibspace.o)
    0x08000c20   0x08000c20   0x0000004e   Code   RO         1109    .text               c_w.l(h1_free.o)
    0x08000c6e   0x08000c6e   0x00000046   Code   RO         1163    .text               c_w.l(setvbuf.o)
    0x08000cb4   0x08000cb4   0x000000f0   Code   RO         1166    .text               c_w.l(fopen.o)
    0x08000da4   0x08000da4   0x0000004c   Code   RO         1168    .text               c_w.l(fclose.o)
    0x08000df0   0x08000df0   0x00000012   Code   RO         1177    .text               c_w.l(exit.o)
    0x08000e02   0x08000e02   0x0000000e   Code   RO         1183    .text               c_w.l(defsig_rtred_outer.o)
    0x08000e10   0x08000e10   0x0000004e   Code   RO         1187    .text               c_w.l(rt_memclr_w.o)
    0x08000e5e   0x08000e5e   0x00000002   PAD
    0x08000e60   0x08000e60   0x00000008   Code   RO         1258    .text               c_w.l(libspace.o)
    0x08000e68   0x08000e68   0x00000008   Code   RO         1268    .text               c_w.l(rt_heap_descriptor_intlibspace.o)
    0x08000e70   0x08000e70   0x00000004   Code   RO         1270    .text               c_w.l(hguard.o)
    0x08000e74   0x08000e74   0x0000008a   Code   RO         1272    .text               c_w.l(init_alloc.o)
    0x08000efe   0x08000efe   0x0000005e   Code   RO         1278    .text               c_w.l(h1_alloc.o)
    0x08000f5c   0x08000f5c   0x000000f8   Code   RO         1290    .text               c_w.l(fseek.o)
    0x08001054   0x08001054   0x00000108   Code   RO         1292    .text               c_w.l(stdio.o)
    0x0800115c   0x0800115c   0x0000000a   Code   RO         1294    .text               c_w.l(defsig_exit.o)
    0x08001166   0x08001166   0x00000002   PAD
    0x08001168   0x08001168   0x00000034   Code   RO         1298    .text               c_w.l(defsig_rtred_inner.o)
    0x0800119c   0x0800119c   0x0000000c   Code   RO         1306    .text               c_w.l(sys_exit.o)
    0x080011a8   0x080011a8   0x00000000   Code   RO         1317    .text               c_w.l(maybetermalloc1.o)
    0x080011a8   0x080011a8   0x0000000e   Code   RO         1319    .text               c_w.l(h1_init.o)
    0x080011b6   0x080011b6   0x00000034   Code   RO         1321    .text               c_w.l(h1_extend.o)
    0x080011ea   0x080011ea   0x00000042   Code   RO         1327    .text               c_w.l(ftell.o)
    0x0800122c   0x0800122c   0x00000032   Code   RO         1331    .text               c_w.l(defsig_general.o)
    0x0800125e   0x0800125e   0x0000000e   Code   RO         1333    .text               c_w.l(defsig_rtmem_outer.o)
    0x0800126c   0x0800126c   0x0000000e   Code   RO         1346    .text               c_w.l(sys_wrch.o)
    0x0800127a   0x0800127a   0x00000002   Code   RO         1354    .text               c_w.l(use_no_semi.o)
    0x0800127c   0x0800127c   0x00000000   Code   RO         1356    .text               c_w.l(indicate_semi.o)
    0x0800127c   0x0800127c   0x00000008   Code   RO         1360    .text               c_w.l(rt_errno_addr_intlibspace.o)
    0x08001284   0x08001284   0x00000050   Code   RO         1366    .text               c_w.l(defsig_rtmem_inner.o)
    0x080012d4   0x080012d4   0x00000002   Code   RO          150    .text.BusFault_Handler  stm32f4xx_it.o
    0x080012d6   0x080012d6   0x00000002   PAD
    0x080012d8   0x080012d8   0x00000002   Code   RO          156    .text.DebugMon_Handler  stm32f4xx_it.o
    0x080012da   0x080012da   0x00000002   PAD
    0x080012dc   0x080012dc   0x0000000a   Code   RO           67    .text.Error_Handler  main.o
    0x080012e6   0x080012e6   0x00000002   PAD
    0x080012e8   0x080012e8   0x00000168   Code   RO          261    .text.HAL_ADCEx_InjectedConfigChannel  stm32f4xx_hal_adc_ex.o
    0x08001450   0x08001450   0x00000146   Code   RO          219    .text.HAL_ADC_ConfigChannel  stm32f4xx_hal_adc.o
    0x08001596   0x08001596   0x00000002   PAD
    0x08001598   0x08001598   0x0000015e   Code   RO          177    .text.HAL_ADC_Init  stm32f4xx_hal_adc.o
    0x080016f6   0x080016f6   0x00000002   PAD
    0x080016f8   0x080016f8   0x00000036   Code   RO           98    .text.HAL_ADC_MspInit  adc.o
    0x0800172e   0x0800172e   0x00000002   PAD
    0x08001730   0x08001730   0x00000028   Code   RO          583    .text.HAL_Delay     stm32f4xx_hal.o
    0x08001758   0x08001758   0x000001a6   Code   RO          384    .text.HAL_GPIO_Init  stm32f4xx_hal_gpio.o
    0x080018fe   0x080018fe   0x00000002   PAD
    0x08001900   0x08001900   0x0000000a   Code   RO          388    .text.HAL_GPIO_ReadPin  stm32f4xx_hal_gpio.o
    0x0800190a   0x0800190a   0x00000002   PAD
    0x0800190c   0x0800190c   0x0000000a   Code   RO          390    .text.HAL_GPIO_WritePin  stm32f4xx_hal_gpio.o
    0x08001916   0x08001916   0x00000002   PAD
    0x08001918   0x08001918   0x0000000c   Code   RO          575    .text.HAL_GetTick   stm32f4xx_hal.o
    0x08001924   0x08001924   0x00000176   Code   RO          653    .text.HAL_I2C_Init  stm32f4xx_hal_i2c.o
    0x08001a9a   0x08001a9a   0x00000002   PAD
    0x08001a9c   0x08001a9c   0x00000226   Code   RO          709    .text.HAL_I2C_IsDeviceReady  stm32f4xx_hal_i2c.o
    0x08001cc2   0x08001cc2   0x00000002   PAD
    0x08001cc4   0x08001cc4   0x00000478   Code   RO          661    .text.HAL_I2C_Master_Transmit  stm32f4xx_hal_i2c.o
    0x0800213c   0x0800213c   0x0000036e   Code   RO          697    .text.HAL_I2C_Mem_Read  stm32f4xx_hal_i2c.o
    0x080024aa   0x080024aa   0x00000002   PAD
    0x080024ac   0x080024ac   0x000000d6   Code   RO          115    .text.HAL_I2C_MspInit  i2c.o
    0x08002582   0x08002582   0x00000002   PAD
    0x08002584   0x08002584   0x0000001a   Code   RO          573    .text.HAL_IncTick   stm32f4xx_hal.o
    0x0800259e   0x0800259e   0x00000002   PAD
    0x080025a0   0x080025a0   0x00000036   Code   RO          563    .text.HAL_Init      stm32f4xx_hal.o
    0x080025d6   0x080025d6   0x00000002   PAD
    0x080025d8   0x080025d8   0x00000048   Code   RO          565    .text.HAL_InitTick  stm32f4xx_hal.o
    0x08002620   0x08002620   0x00000038   Code   RO          169    .text.HAL_MspInit   stm32f4xx_hal_msp.o
    0x08002658   0x08002658   0x00000056   Code   RO          519    .text.HAL_NVIC_SetPriority  stm32f4xx_hal_cortex.o
    0x080026ae   0x080026ae   0x00000002   PAD
    0x080026b0   0x080026b0   0x00000020   Code   RO          517    .text.HAL_NVIC_SetPriorityGrouping  stm32f4xx_hal_cortex.o
    0x080026d0   0x080026d0   0x00000160   Code   RO          278    .text.HAL_RCC_ClockConfig  stm32f4xx_hal_rcc.o
    0x08002830   0x08002830   0x00000026   Code   RO          290    .text.HAL_RCC_GetPCLK1Freq  stm32f4xx_hal_rcc.o
    0x08002856   0x08002856   0x00000002   PAD
    0x08002858   0x08002858   0x00000026   Code   RO          292    .text.HAL_RCC_GetPCLK2Freq  stm32f4xx_hal_rcc.o
    0x0800287e   0x0800287e   0x00000002   PAD
    0x08002880   0x08002880   0x0000006c   Code   RO          280    .text.HAL_RCC_GetSysClockFreq  stm32f4xx_hal_rcc.o
    0x080028ec   0x080028ec   0x00000374   Code   RO          276    .text.HAL_RCC_OscConfig  stm32f4xx_hal_rcc.o
    0x08002c60   0x08002c60   0x0000002c   Code   RO          529    .text.HAL_SYSTICK_Config  stm32f4xx_hal_cortex.o
    0x08002c8c   0x08002c8c   0x0000005e   Code   RO          790    .text.HAL_UART_Init  stm32f4xx_hal_uart.o
    0x08002cea   0x08002cea   0x00000002   PAD
    0x08002cec   0x08002cec   0x0000006a   Code   RO          131    .text.HAL_UART_MspInit  usart.o
    0x08002d56   0x08002d56   0x00000002   PAD
    0x08002d58   0x08002d58   0x00000286   Code   RO          806    .text.HAL_UART_Transmit  stm32f4xx_hal_uart.o
    0x08002fde   0x08002fde   0x00000002   PAD
    0x08002fe0   0x08002fe0   0x00000002   Code   RO          146    .text.HardFault_Handler  stm32f4xx_it.o
    0x08002fe2   0x08002fe2   0x00000002   PAD
    0x08002fe4   0x08002fe4   0x0000031e   Code   RO          699    .text.I2C_RequestMemoryRead  stm32f4xx_hal_i2c.o
    0x08003302   0x08003302   0x00000002   PAD
    0x08003304   0x08003304   0x00000150   Code   RO          663    .text.I2C_WaitOnFlagUntilTimeout  stm32f4xx_hal_i2c.o
    0x08003454   0x08003454   0x000000b8   Code   RO          777    .text.I2C_WaitOnMasterAddressFlagUntilTimeout  stm32f4xx_hal_i2c.o
    0x0800350c   0x0800350c   0x000000f0   Code   RO           96    .text.MX_ADC1_Init  adc.o
    0x080035fc   0x080035fc   0x00000118   Code   RO           87    .text.MX_GPIO_Init  gpio.o
    0x08003714   0x08003714   0x00000042   Code   RO          111    .text.MX_I2C1_Init  i2c.o
    0x08003756   0x08003756   0x00000002   PAD
    0x08003758   0x08003758   0x00000042   Code   RO          113    .text.MX_I2C2_Init  i2c.o
    0x0800379a   0x0800379a   0x00000002   PAD
    0x0800379c   0x0800379c   0x0000003c   Code   RO          129    .text.MX_USART2_UART_Init  usart.o
    0x080037d8   0x080037d8   0x00000002   Code   RO          148    .text.MemManage_Handler  stm32f4xx_it.o
    0x080037da   0x080037da   0x00000002   PAD
    0x080037dc   0x080037dc   0x00000002   Code   RO          144    .text.NMI_Handler   stm32f4xx_it.o
    0x080037de   0x080037de   0x00000002   PAD
    0x080037e0   0x080037e0   0x00000002   Code   RO          158    .text.PendSV_Handler  stm32f4xx_it.o
    0x080037e2   0x080037e2   0x00000002   PAD
    0x080037e4   0x080037e4   0x00000002   Code   RO          154    .text.SVC_Handler   stm32f4xx_it.o
    0x080037e6   0x080037e6   0x00000002   PAD
    0x080037e8   0x080037e8   0x00000004   Code   RO          160    .text.SysTick_Handler  stm32f4xx_it.o
    0x080037ec   0x080037ec   0x000000b0   Code   RO           65    .text.SystemClock_Config  main.o
    0x0800389c   0x0800389c   0x00000012   Code   RO          910    .text.SystemInit    system_stm32f4xx.o
    0x080038ae   0x080038ae   0x00000002   PAD
    0x080038b0   0x080038b0   0x000000ee   Code   RO          794    .text.UART_SetConfig  stm32f4xx_hal_uart.o
    0x0800399e   0x0800399e   0x00000002   PAD
    0x080039a0   0x080039a0   0x00000002   Code   RO          152    .text.UsageFault_Handler  stm32f4xx_it.o
    0x080039a2   0x080039a2   0x00000002   PAD
    0x080039a4   0x080039a4   0x00000014   Code   RO          931    .text._sys_close    retarget_io.o
    0x080039b8   0x080039b8   0x00000004   Code   RO          941    .text._sys_flen     retarget_io.o
    0x080039bc   0x080039bc   0x00000010   Code   RO          937    .text._sys_istty    retarget_io.o
    0x080039cc   0x080039cc   0x00000062   Code   RO          929    .text._sys_open     retarget_io.o
    0x08003a2e   0x08003a2e   0x00000002   PAD
    0x08003a30   0x08003a30   0x00000006   Code   RO          939    .text._sys_seek     retarget_io.o
    0x08003a36   0x08003a36   0x00000002   PAD
    0x08003a38   0x08003a38   0x0000038a   Code   RO          933    .text._sys_write    retarget_io.o
    0x08003dc2   0x08003dc2   0x00000002   PAD
    0x08003dc4   0x08003dc4   0x00000130   Code   RO           45    .text.display_4led  main.o
    0x08003ef4   0x08003ef4   0x000002e4   Code   RO           59    .text.fn_Mode_4LED  main.o
    0x080041d8   0x080041d8   0x000005d8   Code   RO           57    .text.fn_Mode_maytinh  main.o
    0x080047b0   0x080047b0   0x00000020   Code   RO           41    .text.fputc         main.o
    0x080047d0   0x080047d0   0x00000054   Code   RO           15    .text.lcd_clear     i2c-lcd.o
    0x08004824   0x08004824   0x00000160   Code   RO           19    .text.lcd_init      i2c-lcd.o
    0x08004984   0x08004984   0x0000007c   Code   RO           17    .text.lcd_put_cur   i2c-lcd.o
    0x08004a00   0x08004a00   0x00000044   Code   RO           13    .text.lcd_send_data  i2c-lcd.o
    0x08004a44   0x08004a44   0x00000056   Code   RO           21    .text.lcd_send_string  i2c-lcd.o
    0x08004a9a   0x08004a9a   0x00000002   PAD
    0x08004a9c   0x08004a9c   0x000001a0   Code   RO           63    .text.main          main.o
    0x08004c3c   0x08004c3c   0x0000021c   Code   RO           47    .text.scan_key      main.o
    0x08004e58   0x08004e58   0x0000010e   Code   RO           43    .text.shiftout      main.o
    0x08004f66   0x08004f66   0x0000000e   Code   RO         1016    i._is_digit         c_w.l(__printf_wp.o)
    0x08004f74   0x08004f74   0x0000002c   Code   RO         1175    locale$$code        c_w.l(lc_ctype_c.o)
    0x08004fa0   0x08004fa0   0x0000001a   Code   RO         1304    x$fpl$fpinit        fz_wm.l(fpinit.o)
    0x08004fba   0x08004fba   0x00000002   PAD
    0x08004fbc   0x08004fbc   0x00000008   Data   RO          977    .constdata          c_w.l(_printf_wctomb.o)
    0x08004fc4   0x08004fc4   0x00000028   Data   RO          989    .constdata          c_w.l(_printf_hex_int.o)
    0x08004fec   0x08004fec   0x00000011   Data   RO         1024    .constdata          c_w.l(__printf_flags_ss_wp.o)
    0x08004ffd   0x08004ffd   0x00000011   Data   RO           72    .rodata..L__const.display_4led.MA7DOAN  main.o
    0x0800500e   0x0800500e   0x00000010   Data   RO          915    .rodata.AHBPrescTable  system_stm32f4xx.o
    0x0800501e   0x0800501e   0x00000008   Data   RO          916    .rodata.APBPrescTable  system_stm32f4xx.o
    0x08005026   0x08005026   0x00000008   Data   RO          946    .rodata.__stderr_name  retarget_io.o
    0x0800502e   0x0800502e   0x00000007   Data   RO          944    .rodata.__stdin_name  retarget_io.o
    0x08005035   0x08005035   0x00000008   Data   RO          945    .rodata.__stdout_name  retarget_io.o
    0x0800503d   0x0800503d   0x00000105   Data   RO           69    .rodata.str1.1      main.o
    0x08005142   0x08005142   0x00000002   PAD
    0x08005144   0x08005144   0x00000020   Data   RO         1390    Region$$Table       anon$$obj.o
    0x08005164   0x08005164   0x00000110   Data   RO         1174    locale$$data        c_w.l(lc_ctype_c.o)


    Execution Region RW_IRAM1 (Exec base: 0x20000000, Load base: 0x08005278, Size: 0x00000928, Max: 0x0001c000, ABSOLUTE)

    Exec Addr    Load Addr    Size         Type   Attr      Idx    E Section Name        Object

    0x20000000   0x08005278   0x00000004   Data   RW         1064    .data               c_w.l(stdio_streams.o)
    0x20000004   0x0800527c   0x00000004   Data   RW         1065    .data               c_w.l(stdio_streams.o)
    0x20000008   0x08005280   0x00000004   Data   RW         1066    .data               c_w.l(stdio_streams.o)
    0x2000000c   0x08005284   0x00000008   Data   RW          618    .data..L_MergedGlobals  stm32f4xx_hal.o
    0x20000014   0x0800528c   0x00000004   Data   RW          914    .data.SystemCoreClock  system_stm32f4xx.o
    0x20000018        -       0x00000054   Zero   RW         1061    .bss                c_w.l(stdio_streams.o)
    0x2000006c        -       0x00000054   Zero   RW         1062    .bss                c_w.l(stdio_streams.o)
    0x200000c0        -       0x00000054   Zero   RW         1063    .bss                c_w.l(stdio_streams.o)
    0x20000114        -       0x00000060   Zero   RW         1259    .bss                c_w.l(libspace.o)
    0x20000174        -       0x0000006c   Zero   RW           78    .bss..L_MergedGlobals  main.o
    0x200001e0        -       0x00000048   Zero   RW          102    .bss.hadc1          adc.o
    0x20000228        -       0x00000054   Zero   RW          119    .bss.hi2c1          i2c.o
    0x2000027c        -       0x00000054   Zero   RW          120    .bss.hi2c2          i2c.o
    0x200002d0        -       0x00000044   Zero   RW          135    .bss.huart2         usart.o
    0x20000314        -       0x00000009   Zero   RW           71    .bss.led_index      main.o
    0x2000031d   0x08005290   0x00000003   PAD
    0x20000320        -       0x00000004   Zero   RW          617    .bss.uwTick         stm32f4xx_hal.o
    0x20000324   0x08005290   0x00000004   PAD
    0x20000328        -       0x00000200   Zero   RW            2    HEAP                startup_stm32f407xx.o
    0x20000528        -       0x00000400   Zero   RW            1    STACK               startup_stm32f407xx.o


    Execution Region RW_IRAM2 (Exec base: 0x2001c000, Load base: 0x08005290, Size: 0x00000000, Max: 0x00004000, ABSOLUTE)

    **** No section assigned to this execution region ****


==============================================================================

Image component sizes


      Code (inc. data)   RO Data    RW Data    ZI Data      Debug   Object Name

       294          0          0          0         72       4976   adc.o
       280          0          0          0          0       2301   gpio.o
       714          4          0          0          0       7198   i2c-lcd.o
       346          0          0          0        168       5485   i2c.o
      3984        372        278          0        117      13978   main.o
      1050          0         23          0          0       5925   retarget_io.o
        64         26        392          0       1536        872   startup_stm32f407xx.o
       204          0          0          8          4       7319   stm32f4xx_hal.o
       676          0          0          0          0      11939   stm32f4xx_hal_adc.o
       360          0          0          0          0       9775   stm32f4xx_hal_adc_ex.o
       162          0          0          0          0      10549   stm32f4xx_hal_cortex.o
       442          0          0          0          0       5282   stm32f4xx_hal_gpio.o
      4264          0          0          0          0      53719   stm32f4xx_hal_i2c.o
        56          0          0          0          0       1480   stm32f4xx_hal_msp.o
      1420          0          0          0          0       7447   stm32f4xx_hal_rcc.o
       978          0          0          0          0      31742   stm32f4xx_hal_uart.o
        20          0          0          0          0       1177   stm32f4xx_it.o
        18          0         24          4          0       2672   system_stm32f4xx.o
       166          0          0          0         68       5033   usart.o

    ----------------------------------------------------------------------
     15570        402        751         12       1972     188869   Object Totals
         0          0         32          0          0          0   (incl. Generated)
        72          0          2          0          7          0   (incl. Padding)

    ----------------------------------------------------------------------

      Code (inc. data)   RO Data    RW Data    ZI Data      Debug   Library Member Name

         8          0          0          0          0         68   __main.o
       392          4         17          0          0         92   __printf_flags_ss_wp.o
        14          0          0          0          0         68   __printf_wp.o
         0          0          0          0          0          0   __rtentry.o
        12          0          0          0          0          0   __rtentry2.o
         6          0          0          0          0          0   __rtentry4.o
        52          8          0          0          0          0   __scatter.o
        26          0          0          0          0          0   __scatter_copy.o
        28          0          0          0          0          0   __scatter_zi.o
        72          0          0          0          0         96   _c16rtomb.o
         6          0          0          0          0          0   _printf_c.o
        44          0          0          0          0        108   _printf_char.o
        48          6          0          0          0         96   _printf_char_common.o
        36          4          0          0          0         80   _printf_char_file.o
         6          0          0          0          0          0   _printf_d.o
       120         16          0          0          0         92   _printf_dec.o
        88          4         40          0          0         88   _printf_hex_int.o
         6          0          0          0          0          0   _printf_i.o
       178          0          0          0          0         88   _printf_intcommon.o
        10          0          0          0          0          0   _printf_l.o
         6          0          0          0          0          0   _printf_lc.o
         6          0          0          0          0          0   _printf_o.o
        84         10          0          0          0         88   _printf_oct_int.o
        78          0          0          0          0        108   _printf_pad.o
         0          0          0          0          0          0   _printf_percent.o
         4          0          0          0          0          0   _printf_percent_end.o
        82          0          0          0          0         80   _printf_str.o
        36          0          0          0          0         84   _printf_truncate.o
         6          0          0          0          0          0   _printf_u.o
        44          0          0          0          0        108   _printf_wchar.o
       188          6          8          0          0         92   _printf_wctomb.o
         6          0          0          0          0          0   _printf_x.o
        10          0          0          0          0         68   _sputc.o
        10          0          0          0          0         68   defsig_exit.o
        50          0          0          0          0         88   defsig_general.o
        80         58          0          0          0         76   defsig_rtmem_inner.o
        14          0          0          0          0         80   defsig_rtmem_outer.o
        52         38          0          0          0         76   defsig_rtred_inner.o
        14          0          0          0          0         80   defsig_rtred_outer.o
        18          0          0          0          0         80   exit.o
        76          0          0          0          0         88   fclose.o
         8          0          0          0          0         68   ferror.o
       240          6          0          0          0        128   fopen.o
       248          6          0          0          0         84   fseek.o
        66          0          0          0          0         76   ftell.o
        94          0          0          0          0         80   h1_alloc.o
        52          0          0          0          0         68   h1_extend.o
        78          0          0          0          0         80   h1_free.o
        14          0          0          0          0         84   h1_init.o
         6          0          0          0          0        152   heapauxi.o
         4          0          0          0          0        136   hguard.o
         0          0          0          0          0          0   indicate_semi.o
       138          0          0          0          0        168   init_alloc.o
       312         46          0          0          0        112   initio.o
        44         10        272          0          0         76   lc_ctype_c.o
         2          0          0          0          0          0   libinit.o
        36          0          0          0          0          0   libinit2.o
         2          0          0          0          0          0   libshutdown.o
         6          0          0          0          0          0   libshutdown2.o
         8          4          0          0         96         68   libspace.o
       240          0          0          0          0        100   lludivv7m.o
         0          0          0          0          0          0   maybetermalloc1.o
        24          4          0          0          0         84   noretval__2printf.o
        40          6          0          0          0         84   noretval__2sprintf.o
        44          4          0          0          0         84   puts.o
        16          4          0          0          0         76   rt_ctype_table.o
         8          4          0          0          0         68   rt_errno_addr_intlibspace.o
         8          4          0          0          0         68   rt_heap_descriptor_intlibspace.o
         8          4          0          0          0         68   rt_locale_intlibspace.o
        78          0          0          0          0         80   rt_memclr_w.o
         2          0          0          0          0          0   rtexit.o
        10          0          0          0          0          0   rtexit2.o
        70          0          0          0          0         80   setvbuf.o
       264          6          0          0          0        160   stdio.o
         0          0          0         12        252          0   stdio_streams.o
       124          0          0          0          0         88   strcmpv7em.o
        12          4          0          0          0         68   sys_exit.o
        74          0          0          0          0         80   sys_stackheap_outer.o
        14          0          0          0          0         76   sys_wrch.o
         2          0          0          0          0         68   use_no_semi.o
        26          0          0          0          0        116   fpinit.o

    ----------------------------------------------------------------------
      4450        266        337         12        348       4968   Library Totals
        12          0          0          0          0          0   (incl. Padding)

    ----------------------------------------------------------------------

      Code (inc. data)   RO Data    RW Data    ZI Data      Debug   Library Name

      4412        266        337         12        348       4852   c_w.l
        26          0          0          0          0        116   fz_wm.l

    ----------------------------------------------------------------------
      4450        266        337         12        348       4968   Library Totals

    ----------------------------------------------------------------------

==============================================================================


      Code (inc. data)   RO Data    RW Data    ZI Data      Debug   

     20020        668       1088         24       2320     190793   Grand Totals
     20020        668       1088         24       2320     190793   ELF Image Totals
     20020        668       1088         24          0          0   ROM Totals

==============================================================================

    Total RO  Size (Code + RO Data)                21108 (  20.61kB)
    Total RW  Size (RW Data + ZI Data)              2344 (   2.29kB)
    Total ROM Size (Code + RO Data + RW Data)      21132 (  20.64kB)

==============================================================================

